
> hardkas-monorepo@0.12.0-rc.26 typecheck C:\Users\jrodr\Documents\kaslabdevs\GitHub\HardKas-repo
> turbo typecheck

node.exe : • turbo 2.10.8
En C:\Users\jrodr\AppData\Roaming\npm\pnpm.ps1: 24 Carácter: 5
+     & "node$exe"  "$basedir/node_modules/pnpm/bin/pnpm.mjs" $args
+     ~~~~~~~~~~~~~~~~~~~~~~~~~~~~~~~~~~~~~~~~~~~~~~~~~~~~~~~~~~~~~
    + CategoryInfo          : NotSpecified: (• turbo 2.10.8:String) [], RemoteException
    + FullyQualifiedErrorId : NativeCommandError
 

   • Packages in scope: @examples/rpc-node-health, @examples/snapshot-restore, @examples/trace-and-replay, @hardkas-examples/hello-kaspa, @hardkas/accounts, @hardkas/artifacts, @hardkas/bridge-local, @hardkas/cli, @hardkas/client, @hardkas/config, @hardkas/core, @hardkas/dashboard, @hardkas/dev-server, @hardkas/docs, @hardkas/escrow, @hardkas/example-02-basic-transfer, @hardkas/example-03-localnet-demo, @hardkas/example-bl-001-offline-multisig, @hardkas/jobs, @hardkas/kaspa-rpc, @hardkas/l2, @hardkas/localnet, @hardkas/node-orchestrator, @hardkas/node-runner, @hardkas/observability, @hardkas/plugin-local-indexer, @hardkas/plugin-rpc-backend, @hardkas/pskt-native, @hardkas/query, @hardkas/query-store, @hardkas/react, @hardkas/sdk, @hardkas/sessions, @hardkas/simulator, @hardkas/simulator-adapters, @hardkas/storage-postgres, @hardkas/storage-sqlite, @hardkas/sync-daemon, @hardkas/testing, @hardkas/testnet-qualification, @hardkas/toolkit, @hardkas/tx-builder, @hardkas/wallet-adapter, @showcase/cli-studio, @showcase/explorer-live, @showcase/localnet-studio, @showcase/merchant-terminal, @showcase/mission-control, @showcase/shared-backend, @showcase/shared-testkit, @showcase/shared-ui, @showcase/silver-playground, @showcase/time-travel-lab, @showcase/treasury-console, @showcase/wallet-pro, exchange-backend-ref, merchant-backend-ref, merchant-checkout, showcase-suite, testnet-runner, treasury-ref
   • Running typecheck in 61 packages
   • Remote caching disabled

@hardkas/core:typecheck: cache miss, executing 80f7ac3b6c8d517f
@hardkas/observability:build: cache miss, executing a4db0ad17219187b
@hardkas/pskt-native:build: cache miss, executing 1de6ad3312f304e0
@hardkas/core:build: cache miss, executing 782774d90c3fb5bd
@hardkas/pskt-native:typecheck: cache miss, executing 0bf87523a1298a3f
@hardkas/client:build: cache miss, executing a09c47bb67a2396f
@hardkas/client:typecheck: cache miss, executing 0305d0c360ec1d47
@hardkas/testnet-qualification:typecheck: cache miss, executing 059ba35e7042b857
@hardkas/core:typecheck: 
@hardkas/core:typecheck: > @hardkas/core@0.12.0-rc.26 typecheck C:\Users\jrodr\Documents\kaslabdevs\GitHub\HardKas-repo\packages\core
@hardkas/core:typecheck: > tsc --noEmit
@hardkas/core:typecheck: 
@hardkas/core:build: 
@hardkas/core:build: > @hardkas/core@0.12.0-rc.26 build C:\Users\jrodr\Documents\kaslabdevs\GitHub\HardKas-repo\packages\core
@hardkas/core:build: > tsup src/index.ts --format esm --dts --clean
@hardkas/core:build: 
@hardkas/pskt-native:build: 
@hardkas/pskt-native:build: > @hardkas/pskt-native@0.12.0-rc.26 build C:\Users\jrodr\Documents\kaslabdevs\GitHub\HardKas-repo\packages\pskt-native
@hardkas/pskt-native:build: > napi build --platform --release
@hardkas/pskt-native:build: 
@hardkas/observability:build: 
@hardkas/observability:build: > @hardkas/observability@0.12.0-rc.26 build C:\Users\jrodr\Documents\kaslabdevs\GitHub\HardKas-repo\packages\observability
@hardkas/observability:build: > tsup src/index.ts --format esm --dts --clean
@hardkas/observability:build: 
@hardkas/testnet-qualification:typecheck: 
@hardkas/testnet-qualification:typecheck: > @hardkas/testnet-qualification@0.12.0-rc.26 typecheck C:\Users\jrodr\Documents\kaslabdevs\GitHub\HardKas-repo\packages\testnet-qualification
@hardkas/testnet-qualification:typecheck: > tsc --noEmit
@hardkas/testnet-qualification:typecheck: 
@hardkas/pskt-native:typecheck: 
@hardkas/pskt-native:typecheck: > @hardkas/pskt-native@0.12.0-rc.26 typecheck C:\Users\jrodr\Documents\kaslabdevs\GitHub\HardKas-repo\packages\pskt-native
@hardkas/pskt-native:typecheck: > echo "No typecheck needed for napi auto-gen"
@hardkas/pskt-native:typecheck: 
@hardkas/client:build: 
@hardkas/client:build: > @hardkas/client@0.12.0-rc.26 build C:\Users\jrodr\Documents\kaslabdevs\GitHub\HardKas-repo\packages\client
@hardkas/client:build: > tsup src/index.ts --format esm,cjs --dts --clean
@hardkas/client:build: 
@hardkas/client:typecheck: 
@hardkas/client:typecheck: > @hardkas/client@0.12.0-rc.26 typecheck C:\Users\jrodr\Documents\kaslabdevs\GitHub\HardKas-repo\packages\client
@hardkas/client:typecheck: > tsc --noEmit
@hardkas/client:typecheck: 
@hardkas/pskt-native:typecheck: "No typecheck needed for napi auto-gen"
@hardkas/core:build: CLI Building entry: src/index.ts
@hardkas/core:build: CLI Using tsconfig: tsconfig.json
@hardkas/core:build: CLI tsup v8.5.1
@hardkas/core:build: CLI Target: es2022
@hardkas/core:build: CLI Cleaning output folder
@hardkas/core:build: ESM Build start
@hardkas/observability:build: CLI Building entry: src/index.ts
@hardkas/observability:build: CLI Using tsconfig: tsconfig.json
@hardkas/observability:build: CLI tsup v8.5.1
@hardkas/observability:build: CLI Using tsup config: C:\Users\jrodr\Documents\kaslabdevs\GitHub\HardKas-repo\packages\observability\tsup.config.ts
@hardkas/observability:build: CLI Target: es2022
@hardkas/observability:build: CLI Cleaning output folder
@hardkas/observability:build: ESM Build start
@hardkas/observability:build: ESM dist\index.js 5.94 KB
@hardkas/observability:build: ESM ⚡️ Build success in 354ms
@hardkas/client:build: CLI Building entry: src/index.ts
@hardkas/client:build: CLI Using tsconfig: tsconfig.json
@hardkas/client:build: CLI tsup v8.5.1
@hardkas/client:build: CLI Target: es2022
@hardkas/client:build: CLI Cleaning output folder
@hardkas/client:build: ESM Build start
@hardkas/client:build: CJS Build start
@hardkas/core:build: DTS Build start
@hardkas/client:build: CJS dist\index.cjs 3.05 KB
@hardkas/client:build: CJS ⚡️ Build success in 803ms
@hardkas/client:build: ESM dist\index.js 2.02 KB
@hardkas/client:build: ESM ⚡️ Build success in 803ms
@hardkas/observability:build: DTS Build start
@hardkas/client:build: DTS Build start
@hardkas/core:build: ESM dist\index.js 148.17 KB
@hardkas/core:build: ESM ⚡️ Build success in 2724ms
@hardkas/client:build: DTS ⚡️ Build success in 3021ms
@hardkas/client:build: DTS dist\index.d.ts  1017.00 B
@hardkas/client:build: DTS dist\index.d.cts 1017.00 B
@hardkas/react:typecheck: cache miss, executing 45d5c85e594f11a3
@hardkas/react:build: cache miss, executing 812420d65c3f4556
@hardkas/pskt-native:build: [DEPRECATED] napi.name is deprecated, use napi.binaryName instead.
@hardkas/pskt-native:build: [DEPRECATED] napi.triples is deprecated, use napi.targets instead.
@hardkas/core:build: DTS ⚡️ Build success in 5425ms
@hardkas/core:build: DTS dist\index.d.ts 105.51 KB
@hardkas/config:build: cache miss, executing 40299d0a1bb359e3
@hardkas/tx-builder:build: cache miss, executing 1ae90fb3d789b98c
@hardkas/sessions:typecheck: cache miss, executing 81d842b29b3d17ab
@hardkas/escrow:build: cache miss, executing 13aea40652ccddfa
@hardkas/react:build: 
@hardkas/react:build: > @hardkas/react@0.12.0-rc.26 build C:\Users\jrodr\Documents\kaslabdevs\GitHub\HardKas-repo\packages\react
@hardkas/react:build: > tsup src/index.ts --format esm --dts --clean
@hardkas/react:build: 
@hardkas/react:typecheck: 
@hardkas/react:typecheck: > @hardkas/react@0.12.0-rc.26 typecheck C:\Users\jrodr\Documents\kaslabdevs\GitHub\HardKas-repo\packages\react
@hardkas/react:typecheck: > tsc --noEmit
@hardkas/react:typecheck: 
@hardkas/config:build: 
@hardkas/config:build: > @hardkas/config@0.12.0-rc.26 build C:\Users\jrodr\Documents\kaslabdevs\GitHub\HardKas-repo\packages\config
@hardkas/config:build: > tsup src/index.ts --format esm --dts --clean
@hardkas/config:build: 
@hardkas/tx-builder:build: 
@hardkas/tx-builder:build: > @hardkas/tx-builder@0.12.0-rc.26 build C:\Users\jrodr\Documents\kaslabdevs\GitHub\HardKas-repo\packages\tx-builder
@hardkas/tx-builder:build: > tsup src/index.ts --format esm --dts --clean
@hardkas/tx-builder:build: 
@hardkas/escrow:build: 
@hardkas/escrow:build: > @hardkas/escrow@0.12.0-rc.26 build C:\Users\jrodr\Documents\kaslabdevs\GitHub\HardKas-repo\packages\escrow
@hardkas/escrow:build: > tsup src/index.ts --format esm --dts --clean
@hardkas/escrow:build: 
@hardkas/pskt-native:build:    Compiling hardkas-pskt-native v0.1.0 (C:\Users\jrodr\Documents\kaslabdevs\GitHub\HardKas-repo\packages\pskt-native)
@hardkas/sessions:typecheck: 
@hardkas/sessions:typecheck: > @hardkas/sessions@0.12.0-rc.26 typecheck C:\Users\jrodr\Documents\kaslabdevs\GitHub\HardKas-repo\packages\sessions
@hardkas/sessions:typecheck: > tsc --noEmit
@hardkas/sessions:typecheck: 
@hardkas/sessions:build: cache miss, executing d0870f6b7e3ff8e9
@hardkas/observability:build: DTS ⚡️ Build success in 11823ms
@hardkas/observability:build: DTS dist\index.d.ts 2.84 KB
@hardkas/react:build: CLI Building entry: src/index.ts
@hardkas/react:build: CLI Using tsconfig: tsconfig.json
@hardkas/react:build: CLI tsup v8.5.1
@hardkas/react:build: CLI Target: es2022
@hardkas/react:build: CLI Cleaning output folder
@hardkas/react:build: ESM Build start
@hardkas/node-orchestrator:typecheck: cache miss, executing 2e7ce03bc2675e3f
@hardkas/sessions:build: 
@hardkas/sessions:build: > @hardkas/sessions@0.12.0-rc.26 build C:\Users\jrodr\Documents\kaslabdevs\GitHub\HardKas-repo\packages\sessions
@hardkas/sessions:build: > tsup src/index.ts --format esm --dts --clean
@hardkas/sessions:build: 
@hardkas/escrow:build: CLI Building entry: src/index.ts
@hardkas/escrow:build: CLI Using tsconfig: tsconfig.json
@hardkas/escrow:build: CLI tsup v8.5.1
@hardkas/escrow:build: CLI Target: es2022
@hardkas/escrow:build: CLI Cleaning output folder
@hardkas/escrow:build: ESM Build start
@hardkas/config:build: CLI Building entry: src/index.ts
@hardkas/config:build: CLI Using tsconfig: tsconfig.json
@hardkas/config:build: CLI tsup v8.5.1
@hardkas/config:build: CLI Target: es2022
@hardkas/config:build: CLI Cleaning output folder
@hardkas/config:build: ESM Build start
@hardkas/tx-builder:build: CLI Building entry: src/index.ts
@hardkas/tx-builder:build: CLI Using tsconfig: tsconfig.json
@hardkas/tx-builder:build: CLI tsup v8.5.1
@hardkas/tx-builder:build: CLI Target: es2022
@hardkas/tx-builder:build: CLI Cleaning output folder
@hardkas/tx-builder:build: ESM Build start
@hardkas/escrow:typecheck: cache miss, executing 9cbf07f751d34d2d
@hardkas/escrow:build: ESM dist\index.js 5.37 KB
@hardkas/escrow:build: ESM ⚡️ Build success in 1277ms
@hardkas/react:build: ESM dist\index.js 2.67 KB
@hardkas/react:build: ESM ⚡️ Build success in 3173ms
@hardkas/react:build: DTS Build start
@hardkas/tx-builder:build: ESM dist\index.js 47.64 KB
@hardkas/tx-builder:build: ESM ⚡️ Build success in 2761ms
@hardkas/config:build: ESM dist\index.js 9.81 KB
@hardkas/config:build: ESM ⚡️ Build success in 3282ms
@hardkas/tx-builder:build: DTS Build start
@hardkas/node-orchestrator:typecheck: 
@hardkas/node-orchestrator:typecheck: > @hardkas/node-orchestrator@0.12.0-rc.26 typecheck C:\Users\jrodr\Documents\kaslabdevs\GitHub\HardKas-repo\packages\node-orchestrator
@hardkas/node-orchestrator:typecheck: > tsc --noEmit
@hardkas/node-orchestrator:typecheck: 
@hardkas/escrow:build: DTS Build start
@hardkas/config:build: DTS Build start
@hardkas/escrow:typecheck: 
@hardkas/escrow:typecheck: > @hardkas/escrow@0.12.0-rc.26 typecheck C:\Users\jrodr\Documents\kaslabdevs\GitHub\HardKas-repo\packages\escrow
@hardkas/escrow:typecheck: > tsc --noEmit
@hardkas/escrow:typecheck: 
@hardkas/sessions:build: CLI Building entry: src/index.ts
@hardkas/sessions:build: CLI Using tsconfig: tsconfig.json
@hardkas/sessions:build: CLI tsup v8.5.1
@hardkas/sessions:build: CLI Target: es2022
@hardkas/sessions:build: CLI Cleaning output folder
@hardkas/sessions:build: ESM Build start
@hardkas/tx-builder:typecheck: cache miss, executing af5eb32b8b4c352a
@hardkas/sessions:build: ESM dist\index.js 3.61 KB
@hardkas/sessions:build: ESM ⚡️ Build success in 1230ms
@hardkas/react:build: DTS ⚡️ Build success in 8596ms
@hardkas/react:build: DTS dist\index.d.ts 1.15 KB
@hardkas/config:build: DTS ⚡️ Build success in 7531ms
@hardkas/config:build: DTS dist\index.d.ts 5.14 KB
@hardkas/sessions:build: DTS Build start
@hardkas/escrow:build: DTS ⚡️ Build success in 7664ms
@hardkas/escrow:build: DTS dist\index.d.ts 5.84 KB
@hardkas/tx-builder:build: DTS ⚡️ Build success in 8095ms
@hardkas/tx-builder:build: DTS dist\index.d.ts 30.15 KB
@hardkas/node-orchestrator:build: cache miss, executing 95637e6bd0ad7a65
@hardkas/tx-builder:typecheck: 
@hardkas/tx-builder:typecheck: > @hardkas/tx-builder@0.12.0-rc.26 typecheck C:\Users\jrodr\Documents\kaslabdevs\GitHub\HardKas-repo\packages\tx-builder
@hardkas/tx-builder:typecheck: > tsc --noEmit
@hardkas/tx-builder:typecheck: 
@hardkas/config:typecheck: cache miss, executing a9ecd64f3c5296ea
@hardkas/plugin-local-indexer:build: cache miss, executing 5dc18eb677fe56e2
@hardkas/kaspa-rpc:build: cache miss, executing cf1cbf6d96cbd7f4
@hardkas/jobs:build: cache miss, executing 5ae796030a7f0b97
@hardkas/node-orchestrator:build: 
@hardkas/node-orchestrator:build: > @hardkas/node-orchestrator@0.12.0-rc.26 build C:\Users\jrodr\Documents\kaslabdevs\GitHub\HardKas-repo\packages\node-orchestrator
@hardkas/node-orchestrator:build: > tsup src/index.ts --format esm --dts --clean
@hardkas/node-orchestrator:build: 
@hardkas/sessions:build: DTS ⚡️ Build success in 3883ms
@hardkas/sessions:build: DTS dist\index.d.ts 1.34 KB
@hardkas/pskt-native:build:     Finished `release` profile [optimized] target(s) in 24.85s
@hardkas/config:typecheck: 
@hardkas/config:typecheck: > @hardkas/config@0.12.0-rc.26 typecheck C:\Users\jrodr\Documents\kaslabdevs\GitHub\HardKas-repo\packages\config
@hardkas/config:typecheck: > tsc --noEmit
@hardkas/config:typecheck: 
@hardkas/kaspa-rpc:typecheck: cache miss, executing 812fba899f12f426
@hardkas/plugin-local-indexer:build: 
@hardkas/plugin-local-indexer:build: > @hardkas/plugin-local-indexer@0.12.0-rc.26 build C:\Users\jrodr\Documents\kaslabdevs\GitHub\HardKas-repo\packages\plugin-local-indexer
@hardkas/plugin-local-indexer:build: > tsup
@hardkas/plugin-local-indexer:build: 
@hardkas/kaspa-rpc:build: 
@hardkas/kaspa-rpc:build: > @hardkas/kaspa-rpc@0.12.0-rc.26 build C:\Users\jrodr\Documents\kaslabdevs\GitHub\HardKas-repo\packages\kaspa-rpc
@hardkas/kaspa-rpc:build: > tsup src/index.ts src/adapters/index.ts --format esm --dts --clean
@hardkas/kaspa-rpc:build: 
@hardkas/jobs:build: 
@hardkas/jobs:build: > @hardkas/jobs@0.12.0-rc.26 build C:\Users\jrodr\Documents\kaslabdevs\GitHub\HardKas-repo\packages\jobs
@hardkas/jobs:build: > tsc
@hardkas/jobs:build: 
@hardkas/simulator:build: cache miss, executing d743b59ad09af326
@hardkas/node-orchestrator:build: CLI Building entry: src/index.ts
@hardkas/node-orchestrator:build: CLI Using tsconfig: tsconfig.json
@hardkas/node-orchestrator:build: CLI tsup v8.5.1
@hardkas/node-orchestrator:build: CLI Target: es2022
@hardkas/node-orchestrator:build: CLI Cleaning output folder
@hardkas/node-orchestrator:build: ESM Build start
@hardkas/kaspa-rpc:typecheck: 
@hardkas/kaspa-rpc:typecheck: > @hardkas/kaspa-rpc@0.12.0-rc.26 typecheck C:\Users\jrodr\Documents\kaslabdevs\GitHub\HardKas-repo\packages\kaspa-rpc
@hardkas/kaspa-rpc:typecheck: > tsc --noEmit
@hardkas/kaspa-rpc:typecheck: 
@hardkas/node-orchestrator:build: ESM dist\index.js 8.16 KB
@hardkas/node-orchestrator:build: ESM ⚡️ Build success in 2135ms
@hardkas/node-orchestrator:build: DTS Build start
@hardkas/plugin-local-indexer:build: CLI Building entry: src/index.ts
@hardkas/plugin-local-indexer:build: CLI Using tsconfig: tsconfig.json
@hardkas/plugin-local-indexer:build: CLI tsup v8.5.1
@hardkas/plugin-local-indexer:build: CLI Using tsup config: C:\Users\jrodr\Documents\kaslabdevs\GitHub\HardKas-repo\packages\plugin-local-indexer\tsup.config.ts
@hardkas/plugin-local-indexer:build: CLI Target: es2022
@hardkas/plugin-local-indexer:build: CLI Cleaning output folder
@hardkas/plugin-local-indexer:build: ESM Build start
@hardkas/kaspa-rpc:build: CLI Building entry: src/index.ts, src/adapters/index.ts
@hardkas/kaspa-rpc:build: CLI Using tsconfig: tsconfig.json
@hardkas/kaspa-rpc:build: CLI tsup v8.5.1
@hardkas/kaspa-rpc:build: CLI Target: es2022
@hardkas/simulator:build: 
@hardkas/simulator:build: > @hardkas/simulator@0.12.0-rc.26 build C:\Users\jrodr\Documents\kaslabdevs\GitHub\HardKas-repo\packages\simulator
@hardkas/simulator:build: > tsup src/index.ts --format esm --dts --clean
@hardkas/simulator:build: 
@hardkas/artifacts:build: cache miss, executing 160532497339aa50
@hardkas/plugin-local-indexer:build: ESM dist\index.js 1.86 KB
@hardkas/plugin-local-indexer:build: ESM ⚡️ Build success in 335ms
@hardkas/kaspa-rpc:build: CLI Cleaning output folder
@hardkas/kaspa-rpc:build: ESM Build start
@hardkas/kaspa-rpc:build: DTS Build start
@hardkas/plugin-local-indexer:build: DTS Build start
@hardkas/artifacts:build: 
@hardkas/artifacts:build: > @hardkas/artifacts@0.12.0-rc.26 build C:\Users\jrodr\Documents\kaslabdevs\GitHub\HardKas-repo\packages\artifacts
@hardkas/artifacts:build: > tsup src/index.ts --format esm --dts --clean
@hardkas/artifacts:build: 
@hardkas/kaspa-rpc:build: ESM dist\adapters\index.js 0 B
@hardkas/kaspa-rpc:build: ESM dist\index.js          55.90 KB
@hardkas/kaspa-rpc:build: ESM ⚡️ Build success in 3066ms
@hardkas/simulator:build: CLI Building entry: src/index.ts
@hardkas/simulator:build: CLI Using tsconfig: tsconfig.json
@hardkas/simulator:build: CLI tsup v8.5.1
@hardkas/simulator:build: CLI Target: es2022
@hardkas/simulator:build: CLI Cleaning output folder
@hardkas/simulator:build: ESM Build start
@hardkas/node-orchestrator:build: DTS ⚡️ Build success in 4740ms
@hardkas/node-orchestrator:build: DTS dist\index.d.ts 2.29 KB
@hardkas/simulator:typecheck: cache miss, executing 9bfa03b78270fa92
@hardkas/simulator:build: ESM dist\index.js 25.15 KB
@hardkas/simulator:build: ESM ⚡️ Build success in 894ms
@hardkas/plugin-local-indexer:build: DTS ⚡️ Build success in 3692ms
@hardkas/simulator:build: DTS Build start
@hardkas/plugin-local-indexer:build: DTS dist\index.d.ts 510.00 B
@hardkas/artifacts:build: CLI Building entry: src/index.ts
@hardkas/artifacts:build: CLI Using tsconfig: tsconfig.json
@hardkas/artifacts:build: CLI tsup v8.5.1
@hardkas/artifacts:build: CLI Target: es2022
@hardkas/artifacts:build: CLI Cleaning output folder
@hardkas/artifacts:build: ESM Build start
@hardkas/simulator:typecheck: 
@hardkas/simulator:typecheck: > @hardkas/simulator@0.12.0-rc.26 typecheck C:\Users\jrodr\Documents\kaslabdevs\GitHub\HardKas-repo\packages\simulator
@hardkas/simulator:typecheck: > tsc --noEmit
@hardkas/simulator:typecheck: 
@hardkas/artifacts:build: DTS Build start
@hardkas/artifacts:build: ESM dist\index.js 228.10 KB
@hardkas/artifacts:build: ESM ⚡️ Build success in 4446ms
@hardkas/simulator:build: DTS ⚡️ Build success in 5562ms
@hardkas/simulator:build: DTS dist\index.d.ts 13.88 KB
@hardkas/kaspa-rpc:build: DTS ⚡️ Build success in 10039ms
@hardkas/kaspa-rpc:build: DTS dist\adapters\index.d.ts 13.00 B
@hardkas/kaspa-rpc:build: DTS dist\index.d.ts          21.30 KB
@hardkas/node-runner:build: cache miss, executing ba953bf826342e35
@hardkas/wallet-adapter:typecheck: cache miss, executing 80988573309372d5
@hardkas/wallet-adapter:build: cache miss, executing f5778d7b35c73000
@hardkas/node-runner:build: 
@hardkas/node-runner:build: > @hardkas/node-runner@0.12.0-rc.26 build C:\Users\jrodr\Documents\kaslabdevs\GitHub\HardKas-repo\packages\node-runner
@hardkas/node-runner:build: > tsup src/index.ts --format esm --dts --clean
@hardkas/node-runner:build: 
@hardkas/wallet-adapter:typecheck: 
@hardkas/wallet-adapter:typecheck: > @hardkas/wallet-adapter@0.12.0-rc.26 typecheck C:\Users\jrodr\Documents\kaslabdevs\GitHub\HardKas-repo\packages\wallet-adapter
@hardkas/wallet-adapter:typecheck: > tsc --noEmit
@hardkas/wallet-adapter:typecheck: 
@hardkas/wallet-adapter:build: 
@hardkas/wallet-adapter:build: > @hardkas/wallet-adapter@0.12.0-rc.26 build C:\Users\jrodr\Documents\kaslabdevs\GitHub\HardKas-repo\packages\wallet-adapter
@hardkas/wallet-adapter:build: > tsup src/index.ts --format esm --dts --clean
@hardkas/wallet-adapter:build: 
@hardkas/node-runner:build: CLI Building entry: src/index.ts
@hardkas/node-runner:build: CLI Using tsconfig: tsconfig.json
@hardkas/node-runner:build: CLI tsup v8.5.1
@hardkas/node-runner:build: CLI Target: es2022
@hardkas/node-runner:build: CLI Cleaning output folder
@hardkas/node-runner:build: ESM Build start
@hardkas/wallet-adapter:build: CLI Building entry: src/index.ts
@hardkas/wallet-adapter:build: CLI Using tsconfig: tsconfig.json
@hardkas/wallet-adapter:build: CLI tsup v8.5.1
@hardkas/wallet-adapter:build: CLI Target: es2022
@hardkas/wallet-adapter:build: CLI Cleaning output folder
@hardkas/wallet-adapter:build: ESM Build start
@hardkas/node-runner:build: ESM dist\index.js 14.05 KB
@hardkas/node-runner:build: ESM ⚡️ Build success in 652ms
@hardkas/wallet-adapter:build: ESM dist\index.js 3.89 KB
@hardkas/wallet-adapter:build: ESM ⚡️ Build success in 336ms
@hardkas/node-runner:build: DTS Build start
@hardkas/wallet-adapter:build: DTS Build start
@hardkas/artifacts:build: DTS ⚡️ Build success in 11868ms
@hardkas/artifacts:build: DTS dist\index.d.ts 473.87 KB
@hardkas/query-store:build: cache miss, executing 361535a7fcfc79c7
@hardkas/localnet:typecheck: cache miss, executing 9a6e40c4d225cb22
@hardkas/query-store:typecheck: cache miss, executing 9b6768b907bbf3c2
@hardkas/localnet:build: cache miss, executing 33b6e1e086eecd05
@hardkas/l2:build: cache miss, executing bd1405a696f1294b
@hardkas/wallet-adapter:build: DTS ⚡️ Build success in 4518ms
@hardkas/wallet-adapter:build: DTS dist\index.d.ts 4.18 KB
@hardkas/node-runner:build: DTS ⚡️ Build success in 5312ms
@hardkas/node-runner:build: DTS dist\index.d.ts 3.70 KB
@hardkas/query-store:build: 
@hardkas/query-store:build: > @hardkas/query-store@0.12.0-rc.26 build C:\Users\jrodr\Documents\kaslabdevs\GitHub\HardKas-repo\packages\query-store
@hardkas/query-store:build: > tsc
@hardkas/query-store:build: 
@hardkas/localnet:typecheck: 
@hardkas/localnet:typecheck: > @hardkas/localnet@0.12.0-rc.26 typecheck C:\Users\jrodr\Documents\kaslabdevs\GitHub\HardKas-repo\packages\localnet
@hardkas/localnet:typecheck: > tsc --noEmit
@hardkas/localnet:typecheck: 
@hardkas/query-store:typecheck: 
@hardkas/query-store:typecheck: > @hardkas/query-store@0.12.0-rc.26 typecheck C:\Users\jrodr\Documents\kaslabdevs\GitHub\HardKas-repo\packages\query-store
@hardkas/query-store:typecheck: > tsc --noEmit
@hardkas/query-store:typecheck: 
@hardkas/localnet:build: 
@hardkas/localnet:build: > @hardkas/localnet@0.12.0-rc.26 build C:\Users\jrodr\Documents\kaslabdevs\GitHub\HardKas-repo\packages\localnet
@hardkas/localnet:build: > tsup src/index.ts --format esm --dts --clean --external kaspa-wasm
@hardkas/localnet:build: 
@hardkas/l2:build: 
@hardkas/l2:build: > @hardkas/l2@0.12.0-rc.26 build C:\Users\jrodr\Documents\kaslabdevs\GitHub\HardKas-repo\packages\l2
@hardkas/l2:build: > tsup src/index.ts --format esm --dts --clean
@hardkas/l2:build: 
@hardkas/localnet:build: CLI Building entry: src/index.ts
@hardkas/localnet:build: CLI Using tsconfig: tsconfig.json
@hardkas/localnet:build: CLI tsup v8.5.1
@hardkas/localnet:build: CLI Target: es2022
@hardkas/localnet:build: CLI Cleaning output folder
@hardkas/localnet:build: ESM Build start
@hardkas/l2:build: CLI Building entry: src/index.ts
@hardkas/l2:build: CLI Using tsconfig: tsconfig.json
@hardkas/l2:build: CLI tsup v8.5.1
@hardkas/l2:build: CLI Target: es2022
@hardkas/l2:build: CLI Cleaning output folder
@hardkas/l2:build: ESM Build start
@hardkas/localnet:build: ESM dist\index.js             43.34 KB
@hardkas/localnet:build: ESM dist\receipts-INOOWOPN.js 195.00 B
@hardkas/localnet:build: ESM dist\chunk-EPMJ5HSS.js    4.46 KB
@hardkas/localnet:build: ESM dist\snapshot-4GUK6V5O.js 333.00 B
@hardkas/localnet:build: ESM dist\traces-ZUBWSXYB.js   261.00 B
@hardkas/localnet:build: ESM dist\chunk-6AICYLVR.js    1.84 KB
@hardkas/localnet:build: ESM dist\chunk-TD6USJ3B.js    967.00 B
@hardkas/localnet:build: ESM ⚡️ Build success in 691ms
@hardkas/localnet:build: DTS Build start
@hardkas/l2:build: DTS Build start
@hardkas/l2:build: ESM dist\index.js 19.17 KB
@hardkas/l2:build: ESM ⚡️ Build success in 2435ms
@hardkas/query:build: cache miss, executing e862bd52cf426ca7
@hardkas/localnet:build: DTS ⚡️ Build success in 5487ms
@hardkas/localnet:build: DTS dist\index.d.ts 21.50 KB
@hardkas/accounts:build: cache miss, executing 4649d343b0065521
@hardkas/accounts:typecheck: cache miss, executing 593d02d0ccb3164d
@hardkas/query:build: 
@hardkas/query:build: > @hardkas/query@0.12.0-rc.26 build C:\Users\jrodr\Documents\kaslabdevs\GitHub\HardKas-repo\packages\query
@hardkas/query:build: > tsup src/index.ts --format esm --dts --clean
@hardkas/query:build: 
@hardkas/accounts:build: 
@hardkas/accounts:build: > @hardkas/accounts@0.12.0-rc.26 build C:\Users\jrodr\Documents\kaslabdevs\GitHub\HardKas-repo\packages\accounts
@hardkas/accounts:build: > tsup src/index.ts src/internal/wasm-rpc-serialization.ts --format esm --dts --clean --external kaspa-wasm
@hardkas/accounts:build: 
@hardkas/accounts:typecheck: 
@hardkas/accounts:typecheck: > @hardkas/accounts@0.12.0-rc.26 typecheck C:\Users\jrodr\Documents\kaslabdevs\GitHub\HardKas-repo\packages\accounts
@hardkas/accounts:typecheck: > tsc --noEmit
@hardkas/accounts:typecheck: 
@hardkas/query:build: CLI Building entry: src/index.ts
@hardkas/query:build: CLI Using tsconfig: tsconfig.json
@hardkas/query:build: CLI tsup v8.5.1
@hardkas/query:build: CLI Target: es2022
@hardkas/query:build: CLI Cleaning output folder
@hardkas/query:build: ESM Build start
@hardkas/l2:build: DTS ⚡️ Build success in 7940ms
@hardkas/l2:build: DTS dist\index.d.ts 8.51 KB
@hardkas/accounts:build: CLI Building entry: src/index.ts, src/internal/wasm-rpc-serialization.ts
@hardkas/accounts:build: CLI Using tsconfig: tsconfig.json
@hardkas/accounts:build: CLI tsup v8.5.1
@hardkas/accounts:build: CLI Target: es2022
@hardkas/accounts:build: CLI Cleaning output folder
@hardkas/accounts:build: ESM Build start
@hardkas/query:build: ESM dist\index.js 81.38 KB
@hardkas/query:build: ESM ⚡️ Build success in 744ms
@hardkas/query:build: DTS Build start
@hardkas/accounts:build: ESM dist\signer-backend-LHWY7ULI.js         233.00 B
@hardkas/accounts:build: ESM dist\internal\wasm-rpc-serialization.js 90.00 B
@hardkas/accounts:build: ESM dist\resolve-FO4P46YC.js                301.00 B
@hardkas/accounts:build: ESM dist\keystore-CMWEKGBF.js               87.00 B
@hardkas/accounts:build: ESM dist\index.js                           47.86 KB
@hardkas/accounts:build: ESM dist\chunk-Q22JFUWC.js                  17.03 KB
@hardkas/accounts:build: ESM dist\chunk-GM2BY4VS.js                  5.80 KB
@hardkas/accounts:build: ESM dist\dev-accounts-JTJKQAPV.js           395.00 B
@hardkas/accounts:build: ESM dist\chunk-YLG2NIAU.js                  5.54 KB
@hardkas/accounts:build: ESM dist\chunk-2UQTGGML.js                  18.77 KB
@hardkas/accounts:build: ESM dist\chunk-BNF566PS.js                  2.79 KB
@hardkas/accounts:build: ESM dist\authorizers-YESBCCTJ.js            217.00 B
@hardkas/accounts:build: ESM dist\chunk-PKDTLCCQ.js                  3.77 KB
@hardkas/accounts:build: ESM ⚡️ Build success in 410ms
@hardkas/accounts:build: DTS Build start
@hardkas/query:build: DTS ⚡️ Build success in 3596ms
@hardkas/query:build: DTS dist\index.d.ts 25.14 KB
@hardkas/accounts:build: DTS ⚡️ Build success in 5018ms
@hardkas/accounts:build: DTS dist\index.d.ts                           36.24 KB
@hardkas/accounts:build: DTS dist\internal\wasm-rpc-serialization.d.ts 337.00 B
@hardkas/bridge-local:build: cache miss, executing 335212978b4446af
@hardkas/bridge-local:typecheck: cache miss, executing 332033a1e1e8a2f3
@hardkas/toolkit:build: cache miss, executing 2df1b7034e5e39ea
@hardkas/bridge-local:build: 
@hardkas/bridge-local:build: > @hardkas/bridge-local@0.12.0-rc.26 build C:\Users\jrodr\Documents\kaslabdevs\GitHub\HardKas-repo\packages\bridge-local
@hardkas/bridge-local:build: > tsup src/index.ts --format esm --dts --clean
@hardkas/bridge-local:build: 
@hardkas/bridge-local:typecheck: 
@hardkas/bridge-local:typecheck: > @hardkas/bridge-local@0.12.0-rc.26 typecheck C:\Users\jrodr\Documents\kaslabdevs\GitHub\HardKas-repo\packages\bridge-local
@hardkas/bridge-local:typecheck: > tsc --noEmit
@hardkas/bridge-local:typecheck: 
@hardkas/toolkit:build: 
@hardkas/toolkit:build: > @hardkas/toolkit@0.12.0-rc.26 build C:\Users\jrodr\Documents\kaslabdevs\GitHub\HardKas-repo\packages\toolkit
@hardkas/toolkit:build: > node -e "require('node:fs').rmSync('dist',{recursive:true,force:true})" && tsc
@hardkas/toolkit:build: 
@hardkas/bridge-local:build: CLI Building entry: src/index.ts
@hardkas/bridge-local:build: CLI Using tsconfig: tsconfig.json
@hardkas/bridge-local:build: CLI tsup v8.5.1
@hardkas/bridge-local:build: CLI Target: es2022
@hardkas/bridge-local:build: CLI Cleaning output folder
@hardkas/bridge-local:build: ESM Build start
@hardkas/bridge-local:build: ESM dist\index.js 4.89 KB
@hardkas/bridge-local:build: ESM ⚡️ Build success in 116ms
@hardkas/bridge-local:build: DTS Build start
@hardkas/sdk:build: cache miss, executing 17d483b599001377
@hardkas/plugin-rpc-backend:build: cache miss, executing fb2657132650312e
@hardkas/sync-daemon:build: cache miss, executing 6ae523b8db29d460
@hardkas/storage-postgres:build: cache miss, executing 7c24d646a67064fd
@hardkas/storage-sqlite:build: cache miss, executing d5b64d8b6e08cfc2
@hardkas/sdk:typecheck: cache miss, executing a3930c29c7008374
@hardkas/sdk:build: 
@hardkas/sdk:build: > @hardkas/sdk@0.12.0-rc.26 build C:\Users\jrodr\Documents\kaslabdevs\GitHub\HardKas-repo\packages\sdk
@hardkas/sdk:build: > tsup src/index.ts src/client.ts --format esm --dts --clean --external @hardkas/pskt-native
@hardkas/sdk:build: 
@hardkas/sync-daemon:build: 
@hardkas/sync-daemon:build: > @hardkas/sync-daemon@0.12.0-rc.26 build C:\Users\jrodr\Documents\kaslabdevs\GitHub\HardKas-repo\packages\sync-daemon
@hardkas/sync-daemon:build: > tsup
@hardkas/sync-daemon:build: 
@hardkas/storage-postgres:build: 
@hardkas/storage-postgres:build: > @hardkas/storage-postgres@0.12.0-rc.26 build C:\Users\jrodr\Documents\kaslabdevs\GitHub\HardKas-repo\packages\storage-postgres
@hardkas/storage-postgres:build: > tsup
@hardkas/storage-postgres:build: 
@hardkas/plugin-rpc-backend:build: 
@hardkas/plugin-rpc-backend:build: > @hardkas/plugin-rpc-backend@0.12.0-rc.26 build C:\Users\jrodr\Documents\kaslabdevs\GitHub\HardKas-repo\packages\plugin-rpc-backend
@hardkas/plugin-rpc-backend:build: > tsup
@hardkas/plugin-rpc-backend:build: 
@hardkas/storage-sqlite:build: 
@hardkas/storage-sqlite:build: > @hardkas/storage-sqlite@0.12.0-rc.26 build C:\Users\jrodr\Documents\kaslabdevs\GitHub\HardKas-repo\packages\storage-sqlite
@hardkas/storage-sqlite:build: > tsup
@hardkas/storage-sqlite:build: 
@hardkas/sdk:typecheck: 
@hardkas/sdk:typecheck: > @hardkas/sdk@0.12.0-rc.26 typecheck C:\Users\jrodr\Documents\kaslabdevs\GitHub\HardKas-repo\packages\sdk
@hardkas/sdk:typecheck: > tsc --noEmit
@hardkas/sdk:typecheck: 
@hardkas/sdk:build: CLI Building entry: src/client.ts, src/index.ts
@hardkas/sdk:build: CLI Using tsconfig: tsconfig.json
@hardkas/sdk:build: CLI tsup v8.5.1
@hardkas/sdk:build: CLI Target: es2022
@hardkas/sdk:build: CLI Cleaning output folder
@hardkas/sdk:build: ESM Build start
@hardkas/plugin-rpc-backend:build: ▲ [WARNING] The condition "types" here will never be used as it comes after both "import" and "require" [package.json]
@hardkas/plugin-rpc-backend:build: 
@hardkas/plugin-rpc-backend:build:     package.json:12:6:
@hardkas/plugin-rpc-backend:build:       12 │       "types": "./dist/index.d.ts"
@hardkas/plugin-rpc-backend:build:          ╵       ~~~~~~~
@hardkas/plugin-rpc-backend:build: 
@hardkas/plugin-rpc-backend:build:   The "import" condition comes earlier and will be used for all "import" statements:
@hardkas/plugin-rpc-backend:build: 
@hardkas/plugin-rpc-backend:build:     package.json:10:6:
@hardkas/plugin-rpc-backend:build:       10 │       "import": "./dist/index.js",
@hardkas/plugin-rpc-backend:build:          ╵       ~~~~~~~~
@hardkas/plugin-rpc-backend:build: 
@hardkas/plugin-rpc-backend:build:   The "require" condition comes earlier and will be used for all "require" calls:
@hardkas/plugin-rpc-backend:build: 
@hardkas/plugin-rpc-backend:build:     package.json:11:6:
@hardkas/plugin-rpc-backend:build:       11 │       "require": "./dist/index.cjs",
@hardkas/plugin-rpc-backend:build:          ╵       ~~~~~~~~~
@hardkas/plugin-rpc-backend:build: 
@hardkas/plugin-rpc-backend:build: CLI Building entry: src/index.ts
@hardkas/plugin-rpc-backend:build: CLI Using tsconfig: tsconfig.json
@hardkas/plugin-rpc-backend:build: CLI tsup v8.5.1
@hardkas/plugin-rpc-backend:build: CLI Using tsup config: C:\Users\jrodr\Documents\kaslabdevs\GitHub\HardKas-repo\packages\plugin-rpc-backend\tsup.config.ts
@hardkas/plugin-rpc-backend:build: CLI Target: es2022
@hardkas/plugin-rpc-backend:build: CLI Cleaning output folder
@hardkas/plugin-rpc-backend:build: CJS Build start
@hardkas/plugin-rpc-backend:build: ESM Build start
@hardkas/storage-sqlite:build: CLI Building entry: src/index.ts
@hardkas/storage-sqlite:build: CLI Using tsconfig: tsconfig.json
@hardkas/storage-sqlite:build: CLI tsup v8.5.1
@hardkas/storage-sqlite:build: CLI Using tsup config: C:\Users\jrodr\Documents\kaslabdevs\GitHub\HardKas-repo\packages\storage-sqlite\tsup.config.ts
@hardkas/storage-sqlite:build: CLI Target: es2022
@hardkas/storage-sqlite:build: CLI Cleaning output folder
@hardkas/storage-sqlite:build: CJS Build start
@hardkas/storage-sqlite:build: ESM Build start
@hardkas/sync-daemon:build: CLI Building entry: src/index.ts
@hardkas/sync-daemon:build: CLI Using tsconfig: tsconfig.json
@hardkas/sync-daemon:build: CLI tsup v8.5.1
@hardkas/sync-daemon:build: CLI Using tsup config: C:\Users\jrodr\Documents\kaslabdevs\GitHub\HardKas-repo\packages\sync-daemon\tsup.config.ts
@hardkas/sync-daemon:build: CLI Target: es2022
@hardkas/sync-daemon:build: CLI Cleaning output folder
@hardkas/sync-daemon:build: CJS Build start
@hardkas/sync-daemon:build: ESM Build start
@hardkas/storage-postgres:build: CLI Building entry: src/index.ts
@hardkas/storage-postgres:build: CLI Using tsconfig: tsconfig.json
@hardkas/storage-postgres:build: CLI tsup v8.5.1
@hardkas/storage-postgres:build: CLI Using tsup config: C:\Users\jrodr\Documents\kaslabdevs\GitHub\HardKas-repo\packages\storage-postgres\tsup.config.ts
@hardkas/storage-postgres:build: CLI Target: es2022
@hardkas/storage-postgres:build: CLI Cleaning output folder
@hardkas/storage-postgres:build: CJS Build start
@hardkas/storage-postgres:build: ESM Build start
@hardkas/storage-sqlite:build: CJS dist\index.js 8.00 KB
@hardkas/storage-sqlite:build: CJS ⚡️ Build success in 420ms
@hardkas/sync-daemon:build: ESM dist\index.js     5.00 KB
@hardkas/sync-daemon:build: ESM dist\index.js.map 11.18 KB
@hardkas/sync-daemon:build: ESM ⚡️ Build success in 331ms
@hardkas/sync-daemon:build: CJS dist\index.cjs     6.96 KB
@hardkas/sync-daemon:build: CJS dist\index.cjs.map 11.33 KB
@hardkas/sync-daemon:build: CJS ⚡️ Build success in 332ms
@hardkas/storage-sqlite:build: ESM dist\index.mjs 7.23 KB
@hardkas/storage-sqlite:build: ESM ⚡️ Build success in 429ms
@hardkas/storage-postgres:build: CJS dist\index.cjs 9.59 KB
@hardkas/storage-postgres:build: CJS ⚡️ Build success in 565ms
@hardkas/storage-postgres:build: ESM dist\index.js 7.82 KB
@hardkas/storage-postgres:build: ESM ⚡️ Build success in 565ms
@hardkas/sdk:build: DTS Build start
@hardkas/plugin-rpc-backend:build: DTS Build start
@hardkas/sync-daemon:build: DTS Build start
@hardkas/storage-sqlite:build: DTS Build start
@hardkas/storage-postgres:build: DTS Build start
@hardkas/plugin-rpc-backend:build: 
@hardkas/plugin-rpc-backend:build:  WARN  [33m▲ [43;33m[[43;30mWARNING[43;33m][0m [1mThe condition "types" here will never be used as it comes after both "import" and "require"[0m [package.json]
@hardkas/plugin-rpc-backend:build: 
@hardkas/plugin-rpc-backend:build:     package.json:12:6:
@hardkas/plugin-rpc-backend:build: [37m      12 │       [32m"types"[37m: "./dist/index.d.ts"
@hardkas/plugin-rpc-backend:build:          ╵       [32m~~~~~~~[0m
@hardkas/plugin-rpc-backend:build: 
@hardkas/plugin-rpc-backend:build:   The "import" condition comes earlier and will be used for all "import" statements:
@hardkas/plugin-rpc-backend:build: 
@hardkas/plugin-rpc-backend:build:     package.json:10:6:
@hardkas/plugin-rpc-backend:build: [37m      10 │       [32m"import"[37m: "./dist/index.js",
@hardkas/plugin-rpc-backend:build:          ╵       [32m~~~~~~~~[0m
@hardkas/plugin-rpc-backend:build: 
@hardkas/plugin-rpc-backend:build:   The "require" condition comes earlier and will be used for all "require" calls:
@hardkas/plugin-rpc-backend:build: 
@hardkas/plugin-rpc-backend:build:     package.json:11:6:
@hardkas/plugin-rpc-backend:build: [37m      11 │       [32m"require"[37m: "./dist/index.cjs",
@hardkas/plugin-rpc-backend:build:          ╵       [32m~~~~~~~~~[0m
@hardkas/plugin-rpc-backend:build: 
@hardkas/plugin-rpc-backend:build: 
@hardkas/plugin-rpc-backend:build: 
@hardkas/plugin-rpc-backend:build: ESM dist\index.js     7.74 KB
@hardkas/plugin-rpc-backend:build: ESM dist\index.js.map 16.83 KB
@hardkas/plugin-rpc-backend:build: ESM ⚡️ Build success in 2731ms
@hardkas/plugin-rpc-backend:build: 
@hardkas/plugin-rpc-backend:build:  WARN  [33m▲ [43;33m[[43;30mWARNING[43;33m][0m [1mThe condition "types" here will never be used as it comes after both "import" and "require"[0m [package.json]
@hardkas/plugin-rpc-backend:build: 
@hardkas/plugin-rpc-backend:build:     package.json:12:6:
@hardkas/plugin-rpc-backend:build: [37m      12 │       [32m"types"[37m: "./dist/index.d.ts"
@hardkas/plugin-rpc-backend:build:          ╵       [32m~~~~~~~[0m
@hardkas/plugin-rpc-backend:build: 
@hardkas/plugin-rpc-backend:build:   The "import" condition comes earlier and will be used for all "import" statements:
@hardkas/plugin-rpc-backend:build: 
@hardkas/plugin-rpc-backend:build:     package.json:10:6:
@hardkas/plugin-rpc-backend:build: [37m      10 │       [32m"import"[37m: "./dist/index.js",
@hardkas/plugin-rpc-backend:build:          ╵       [32m~~~~~~~~[0m
@hardkas/plugin-rpc-backend:build: 
@hardkas/plugin-rpc-backend:build:   The "require" condition comes earlier and will be used for all "require" calls:
@hardkas/plugin-rpc-backend:build: 
@hardkas/plugin-rpc-backend:build:     package.json:11:6:
@hardkas/plugin-rpc-backend:build: [37m      11 │       [32m"require"[37m: "./dist/index.cjs",
@hardkas/plugin-rpc-backend:build:          ╵       [32m~~~~~~~~~[0m
@hardkas/plugin-rpc-backend:build: 
@hardkas/plugin-rpc-backend:build: 
@hardkas/plugin-rpc-backend:build: 
@hardkas/plugin-rpc-backend:build: CJS dist\index.cjs     9.31 KB
@hardkas/plugin-rpc-backend:build: CJS dist\index.cjs.map 16.88 KB
@hardkas/plugin-rpc-backend:build: CJS ⚡️ Build success in 2797ms
@hardkas/sdk:build: ESM dist\client.js          125.00 B
@hardkas/sdk:build: ESM dist\index.js           231.35 KB
@hardkas/sdk:build: ESM dist\chunk-MLKGABMK.js  191.00 B
@hardkas/sdk:build: ESM dist\chunk-M246ZPDS.js  4.15 KB
@hardkas/sdk:build: ESM dist\native-UGVM3C7J.js 9.05 KB
@hardkas/sdk:build: ESM ⚡️ Build success in 4259ms
@hardkas/storage-sqlite:build: DTS ⚡️ Build success in 5678ms
@hardkas/storage-sqlite:build: DTS dist\index.d.ts  1.38 KB
@hardkas/storage-sqlite:build: DTS dist\index.d.mts 1.38 KB
@hardkas/sync-daemon:build: DTS ⚡️ Build success in 6180ms
@hardkas/sync-daemon:build: DTS dist\index.d.cts 1008.00 B
@hardkas/sync-daemon:build: DTS dist\index.d.ts  1008.00 B
@hardkas/plugin-rpc-backend:build: DTS ⚡️ Build success in 6903ms
@hardkas/plugin-rpc-backend:build: DTS dist\index.d.cts 1.39 KB
@hardkas/plugin-rpc-backend:build: DTS dist\index.d.ts  1.39 KB
@hardkas/bridge-local:build: DTS ⚡️ Build success in 15083ms
@hardkas/bridge-local:build: DTS dist\index.d.ts 2.72 KB
@hardkas/storage-postgres:build: DTS ⚡️ Build success in 6305ms
@hardkas/storage-postgres:build: DTS dist\index.d.cts 1.58 KB
@hardkas/storage-postgres:build: DTS dist\index.d.ts  1.58 KB
@hardkas/simulator-adapters:typecheck: cache miss, executing accb26792f3909e7
@hardkas/simulator-adapters:typecheck: 
@hardkas/simulator-adapters:typecheck: > @hardkas/simulator-adapters@0.12.0-rc.26 typecheck C:\Users\jrodr\Documents\kaslabdevs\GitHub\HardKas-repo\packages\simulator-adapters
@hardkas/simulator-adapters:typecheck: > tsc --noEmit
@hardkas/simulator-adapters:typecheck: 
@hardkas/sdk:build: DTS ⚡️ Build success in 10926ms
@hardkas/sdk:build: DTS dist\index.d.ts  63.70 KB
@hardkas/sdk:build: DTS dist\client.d.ts 2.48 KB
@hardkas/testing:typecheck: cache miss, executing 30aaf71213e4694b
@hardkas/dev-server:typecheck: cache miss, executing cc825b64d2665170
@hardkas/dev-server:build: cache miss, executing 824cae29788a19ef
@hardkas/testing:build: cache miss, executing 7f7a0fdc09ca78e3
@hardkas/testing:typecheck: 
@hardkas/testing:typecheck: > @hardkas/testing@0.12.0-rc.26 typecheck C:\Users\jrodr\Documents\kaslabdevs\GitHub\HardKas-repo\packages\testing
@hardkas/testing:typecheck: > tsc --noEmit
@hardkas/testing:typecheck: 
@hardkas/dev-server:typecheck: 
@hardkas/dev-server:typecheck: > @hardkas/dev-server@0.12.0-rc.26 typecheck C:\Users\jrodr\Documents\kaslabdevs\GitHub\HardKas-repo\packages\dev-server
@hardkas/dev-server:typecheck: > tsc --noEmit
@hardkas/dev-server:typecheck: 
@hardkas/dev-server:build: 
@hardkas/dev-server:build: > @hardkas/dev-server@0.12.0-rc.26 build C:\Users\jrodr\Documents\kaslabdevs\GitHub\HardKas-repo\packages\dev-server
@hardkas/dev-server:build: > tsup src/index.ts --format esm --dts --clean && pnpm build:dashboard
@hardkas/dev-server:build: 
@hardkas/testing:build: 
@hardkas/testing:build: > @hardkas/testing@0.12.0-rc.26 build C:\Users\jrodr\Documents\kaslabdevs\GitHub\HardKas-repo\packages\testing
@hardkas/testing:build: > tsup src/index.ts src/scenarios.ts src/harness.ts src/setup.ts src/reproducibility.ts src/adversarial-fixtures.ts src/mass-setup.ts --format esm --dts --clean --external vitest --external kaspa
@hardkas/testing:build: 
@hardkas/dev-server:build: CLI Building entry: src/index.ts
@hardkas/dev-server:build: CLI Using tsconfig: tsconfig.json
@hardkas/dev-server:build: CLI tsup v8.5.1
@hardkas/dev-server:build: CLI Target: es2022
@hardkas/dev-server:build: CLI Cleaning output folder
@hardkas/dev-server:build: ESM Build start
@hardkas/testing:build: CLI Building entry: src/adversarial-fixtures.ts, src/harness.ts, src/index.ts, src/mass-setup.ts, src/reproducibility.ts, src/scenarios.ts, src/setup.ts
@hardkas/testing:build: CLI Using tsconfig: tsconfig.json
@hardkas/testing:build: CLI tsup v8.5.1
@hardkas/testing:build: CLI Target: es2022
@hardkas/testing:build: CLI Cleaning output folder
@hardkas/testing:build: ESM Build start
@hardkas/dev-server:build: ESM dist\index.js          99.59 KB
@hardkas/dev-server:build: ESM dist\db-4VZZMREG.js    139.00 B
@hardkas/dev-server:build: ESM dist\chunk-Q3LPWLHF.js 1.13 KB
@hardkas/dev-server:build: ESM ⚡️ Build success in 441ms
@hardkas/testing:build: ESM dist\harness.js              287.00 B
@hardkas/testing:build: ESM dist\chunk-LALAYTVL.js       4.80 KB
@hardkas/testing:build: ESM dist\mass-setup.js           187.00 B
@hardkas/testing:build: ESM dist\reproducibility.js      175.00 B
@hardkas/testing:build: ESM dist\chunk-Q4NLRRZC.js       4.09 KB
@hardkas/testing:build: ESM dist\adversarial-fixtures.js 125.00 B
@hardkas/testing:build: ESM dist\index.js                167.67 KB
@hardkas/testing:build: ESM dist\chunk-AHS4TIKV.js       2.58 KB
@hardkas/testing:build: ESM dist\scenarios.js            5.29 KB
@hardkas/testing:build: ESM dist\setup.js                169.00 B
@hardkas/testing:build: ESM dist\chunk-LAUXD45S.js       3.71 KB
@hardkas/testing:build: ESM dist\chunk-3RG5ZIWI.js       390.00 B
@hardkas/testing:build: ESM ⚡️ Build success in 468ms
@hardkas/dev-server:build: DTS Build start
@hardkas/testing:build: DTS Build start
@hardkas/dev-server:build: DTS ⚡️ Build success in 4919ms
@hardkas/dev-server:build: DTS dist\index.d.ts 1.49 KB
@hardkas/dev-server:build: 
@hardkas/dev-server:build: > @hardkas/dev-server@0.12.0-rc.26 build:dashboard C:\Users\jrodr\Documents\kaslabdevs\GitHub\HardKas-repo\packages\dev-server
@hardkas/dev-server:build: > node scripts/copy-dashboard.js
@hardkas/dev-server:build: 
@hardkas/dev-server:build: ⚠️ Warning: Dashboard build not found at C:\Users\jrodr\Documents\kaslabdevs\GitHub\HardKas-repo\apps\dashboard\dist. Run 'pnpm build' in apps/dashboard first.
@hardkas/testing:build: DTS ⚡️ Build success in 5996ms
@hardkas/testing:build: DTS dist\mass-setup.d.ts           13.00 B
@hardkas/testing:build: DTS dist\adversarial-fixtures.d.ts 2.13 KB
@hardkas/testing:build: DTS dist\harness.d.ts              1.58 KB
@hardkas/testing:build: DTS dist\reproducibility.d.ts      784.00 B
@hardkas/testing:build: DTS dist\scenarios.d.ts            301.00 B
@hardkas/testing:build: DTS dist\index.d.ts                9.08 KB
@hardkas/testing:build: DTS dist\setup.d.ts                13.00 B
@hardkas/cli:build: cache miss, executing 4bf914d81c6d36d9
@hardkas/cli:typecheck: cache miss, executing 3c7154c1ae3360e0
@hardkas/cli:build: 
@hardkas/cli:build: > @hardkas/cli@0.12.0-rc.26 build C:\Users\jrodr\Documents\kaslabdevs\GitHub\HardKas-repo\packages\cli
@hardkas/cli:build: > tsup src/index.ts src/public.ts --format esm --dts --clean --external vitest --external kaspa-wasm
@hardkas/cli:build: 
@hardkas/cli:typecheck: 
@hardkas/cli:typecheck: > @hardkas/cli@0.12.0-rc.26 typecheck C:\Users\jrodr\Documents\kaslabdevs\GitHub\HardKas-repo\packages\cli
@hardkas/cli:typecheck: > tsc --noEmit
@hardkas/cli:typecheck: 
@hardkas/cli:build: CLI Building entry: src/index.ts, src/public.ts
@hardkas/cli:build: CLI Using tsconfig: tsconfig.json
@hardkas/cli:build: CLI tsup v8.5.1
@hardkas/cli:build: CLI Target: es2022
@hardkas/cli:build: CLI Cleaning output folder
@hardkas/cli:build: ESM Build start
@hardkas/cli:build: ESM dist\chaos-runner-ILHJUHNE.js                10.30 KB
@hardkas/cli:build: ESM dist\silver-records-4NCHUXIE.js              1.41 KB
@hardkas/cli:build: ESM dist\telemetry-runners-ORZY2CGS.js           16.09 KB
@hardkas/cli:build: ESM dist\corpus-verify-runner-SSZUDKNM.js        1.53 KB
@hardkas/cli:build: ESM dist\kaspa-wallet-runner-EVYI73C5.js         10.43 KB
@hardkas/cli:build: ESM dist\kaspa-doctor-runner-QICDMYLZ.js         5.24 KB
@hardkas/cli:build: ESM dist\session-runner-KSHXJ2TY.js              4.47 KB
@hardkas/cli:build: ESM dist\torture-runner-RGWMYORY.js              16.99 KB
@hardkas/cli:build: ESM dist\dev-init-runner-YIYVHYA7.js             137.00 B
@hardkas/cli:build: ESM dist\inspect-2OJU6X75.js                     1.86 KB
@hardkas/cli:build: ESM dist\mutating-TWNRRWQA.js                    4.48 KB
@hardkas/cli:build: ESM dist\capabilities-GB5UI72A.js                1.39 KB
@hardkas/cli:build: ESM dist\dev-doctor-runner-5VPNSPE7.js           22.79 KB
@hardkas/cli:build: ESM dist\chunk-PE5FCRMH.js                       1.68 KB
@hardkas/cli:build: ESM dist\dev-accounts-runners-ZCTT7RNP.js        4.76 KB
@hardkas/cli:build: ESM dist\dev-last-runner-Y7EEDJRY.js             3.64 KB
@hardkas/cli:build: ESM dist\verify-HXJY2SSR.js                      1.23 KB
@hardkas/cli:build: ESM dist\dev-tx-generate-runner-2DYTW62G.js      2.55 KB
@hardkas/cli:build: ESM dist\dev-tx-runners-MTPKD5GS.js              201.00 B
@hardkas/cli:build: ESM dist\local-wizard-runner-QVDBHNYO.js         7.06 KB
@hardkas/cli:build: ESM dist\dev-fixture-generate-runner-5KDV3EYX.js 1.88 KB
@hardkas/cli:build: ESM dist\localnet-account-runners-C7NDQCOT.js    1.24 KB
@hardkas/cli:build: ESM dist\doctor-node-runner-KI5JYSLA.js          143.00 B
@hardkas/cli:build: ESM dist\snapshot-verify-runner-UPORX6MJ.js      2.15 KB
@hardkas/cli:build: ESM dist\doctor-signer-runner-2JML3D5M.js        1.59 KB
@hardkas/cli:build: ESM dist\snapshot-create-runner-TQUFBKYL.js      1.77 KB
@hardkas/cli:build: ESM dist\artifact-migrate-runner-TWEALEP3.js     2.51 KB
@hardkas/cli:build: ESM dist\dev-env-runner-VKXER7UY.js              165.00 B
@hardkas/cli:build: ESM dist\dev-create-runner-XMTBJVB3.js           18.95 KB
@hardkas/cli:build: ESM dist\replay-verify-runner-CZ6NMXNL.js        177.00 B
@hardkas/cli:build: ESM dist\replay-diff-runner-UJX7RGJN.js          3.57 KB
@hardkas/cli:build: ESM dist\rpc-doctor-runner-W4I6SOBI.js           7.31 KB
@hardkas/cli:build: ESM dist\artifact-lineage-runner-BDZPD7UB.js     2.76 KB
@hardkas/cli:build: ESM dist\snapshot-replay-runner-D65Y2DW2.js      3.47 KB
@hardkas/cli:build: ESM dist\tx-status-runner-22RQGPHF.js            325.00 B
@hardkas/cli:build: ESM dist\accounts-keystore-runners-OI6QXPJ6.js   7.01 KB
@hardkas/cli:build: ESM dist\dag-runners-ZNHGL23C.js                 2.52 KB
@hardkas/cli:build: ESM dist\accounts-consolidate-runner-23CWPXUB.js 7.12 KB
@hardkas/cli:build: ESM dist\deployment-runners-NSPO55WV.js          389.00 B
@hardkas/cli:build: ESM dist\chunk-RFGSVSDI.js                       4.61 KB
@hardkas/cli:build: ESM dist\tx-verify-runner-YNBPKGU5.js            139.00 B
@hardkas/cli:build: ESM dist\tx-wait-runner-BYNPPMFO.js              6.63 KB
@hardkas/cli:build: ESM dist\chunk-MTE77E37.js                       4.23 KB
@hardkas/cli:build: ESM dist\artifact-create-runner-MAHP6RTM.js      1.58 KB
@hardkas/cli:build: ESM dist\index.js                                2.53 KB
@hardkas/cli:build: ESM dist\chunk-YEPVDZON.js                       2.20 KB
@hardkas/cli:build: ESM dist\artifact-inspect-runner-3JCJIF5O.js     4.31 KB
@hardkas/cli:build: ESM dist\public.js                               19.65 KB
@hardkas/cli:build: ESM dist\chunk-Z2BOCJ7V.js                       4.32 KB
@hardkas/cli:build: ESM dist\chunk-OTRU5MW7.js                       1.90 KB
@hardkas/cli:build: ESM dist\chunk-RSWKLXKU.js                       4.13 KB
@hardkas/cli:build: ESM dist\chunk-VQN6EBKC.js                       398.30 KB
@hardkas/cli:build: ESM dist\chunk-4CHU6GNA.js                       2.03 KB
@hardkas/cli:build: ESM dist\chunk-SPOLNJ2L.js                       1.29 KB
@hardkas/cli:build: ESM dist\chunk-QTY5JWHX.js                       3.79 KB
@hardkas/cli:build: ESM dist\tx-compare-runner-23U7AGBU.js           2.65 KB
@hardkas/cli:build: ESM dist\ui-D3CL2BNR.js                          159.00 B
@hardkas/cli:build: ESM dist\tx-batch-runner-4WLEYLL2.js             3.96 KB
@hardkas/cli:build: ESM dist\chunk-GSQCDE7Q.js                       1.92 KB
@hardkas/cli:build: ESM dist\chunk-USW325AD.js                       6.53 KB
@hardkas/cli:build: ESM dist\chunk-FX777FFF.js                       36.55 KB
@hardkas/cli:build: ESM dist\output-GPDVYSBP.js                      159.00 B
@hardkas/cli:build: ESM dist\chunk-ZM2NBOAE.js                       916.00 B
@hardkas/cli:build: ESM dist\chunk-VSTNEH5Q.js                       1.29 KB
@hardkas/cli:build: ESM dist\dev-server-runner-WEJLJANL.js           183.00 B
@hardkas/cli:build: ESM dist\chunk-IUSCVEHM.js                       7.16 KB
@hardkas/cli:build: ESM dist\cli-errors-T6A2WHEJ.js                  401.00 B
@hardkas/cli:build: ESM dist\toolchain-install-4E5IUKZT.js           131.00 B
@hardkas/cli:build: ESM dist\chunk-P4NN7U65.js                       10.25 KB
@hardkas/cli:build: ESM dist\chunk-LRKVRGTW.js                       4.31 KB
@hardkas/cli:build: ESM dist\chunk-JCVRNOSQ.js                       3.77 KB
@hardkas/cli:build: ESM dist\chunk-EIVXNJTN.js                       1.80 KB
@hardkas/cli:build: ESM dist\next-steps-WOM6FLCS.js                  203.00 B
@hardkas/cli:build: ESM ⚡️ Build success in 415ms
@hardkas/cli:build: DTS Build start
@hardkas/cli:build: DTS ⚡️ Build success in 10967ms
@hardkas/cli:build: DTS dist\index.d.ts  20.00 B
@hardkas/cli:build: DTS dist\public.d.ts 2.67 KB

 Tasks:    54 successful, 54 total
Cached:    0 cached, 54 total
  Time:    2m15.01s 

 WARNING  no output files found for task @hardkas/pskt-native#build. Please check your `outputs` key in `turbo.json`
