node.exe : • turbo 2.10.8
En C:\Users\jrodr\AppData\Roaming\npm\pnpm.ps1: 24 Carácter: 5
+     & "node$exe"  "$basedir/node_modules/pnpm/bin/pnpm.mjs" $args
+     ~~~~~~~~~~~~~~~~~~~~~~~~~~~~~~~~~~~~~~~~~~~~~~~~~~~~~~~~~~~~~
    + CategoryInfo          : NotSpecified: (• turbo 2.10.8:String) [], RemoteException
    + FullyQualifiedErrorId : NativeCommandError
 

   • Packages in scope: @hardkas/cli, @hardkas/core, @hardkas/sdk
   • Running build in 3 packages
   • Remote caching disabled, using shared worktree cache

@hardkas/observability:build: cache miss, executing 3328fc802e3a4ded
@hardkas/core:build: cache miss, executing d5051a8b60a3855a
@hardkas/pskt-native:build: cache miss, executing e0e2311d82192a0a
@hardkas/observability:build: 
@hardkas/observability:build: > @hardkas/observability@0.12.0-rc.27 build C:\Users\jrodr\AppData\Local\Temp\hk-ra\wt\packages\observability
@hardkas/observability:build: > tsup src/index.ts --format esm --dts --clean
@hardkas/observability:build: 
@hardkas/core:build: 
@hardkas/core:build: > @hardkas/core@0.12.0-rc.27 build C:\Users\jrodr\AppData\Local\Temp\hk-ra\wt\packages\core
@hardkas/core:build: > tsup src/index.ts --format esm --dts --clean
@hardkas/core:build: 
@hardkas/pskt-native:build: 
@hardkas/pskt-native:build: > @hardkas/pskt-native@0.12.0-rc.27 build C:\Users\jrodr\AppData\Local\Temp\hk-ra\wt\packages\pskt-native
@hardkas/pskt-native:build: > napi build --platform --release
@hardkas/pskt-native:build: 
@hardkas/observability:build: CLI Building entry: src/index.ts
@hardkas/observability:build: CLI Using tsconfig: tsconfig.json
@hardkas/observability:build: CLI tsup v8.5.1
@hardkas/observability:build: CLI Using tsup config: C:\Users\jrodr\AppData\Local\Temp\hk-ra\wt\packages\observability\tsup.config.ts
@hardkas/observability:build: CLI Target: es2022
@hardkas/observability:build: CLI Cleaning output folder
@hardkas/observability:build: ESM Build start
@hardkas/core:build: CLI Building entry: src/index.ts
@hardkas/core:build: CLI Using tsconfig: tsconfig.json
@hardkas/core:build: CLI tsup v8.5.1
@hardkas/core:build: CLI Target: es2022
@hardkas/core:build: CLI Cleaning output folder
@hardkas/core:build: ESM Build start
@hardkas/observability:build: ESM dist\index.js 5.94 KB
@hardkas/observability:build: ESM ⚡️ Build success in 116ms
@hardkas/core:build: ESM dist\index.js 177.58 KB
@hardkas/core:build: ESM ⚡️ Build success in 280ms
@hardkas/observability:build: DTS Build start
@hardkas/core:build: DTS Build start
@hardkas/pskt-native:build: [DEPRECATED] napi.name is deprecated, use napi.binaryName instead.
@hardkas/pskt-native:build: [DEPRECATED] napi.triples is deprecated, use napi.targets instead.
@hardkas/observability:build: DTS ⚡️ Build success in 2169ms
@hardkas/observability:build: DTS dist\index.d.ts 2.84 KB
@hardkas/jobs:build: cache miss, executing 55dad32c5f19f0a4
@hardkas/jobs:build: 
@hardkas/jobs:build: > @hardkas/jobs@0.12.0-rc.27 build C:\Users\jrodr\AppData\Local\Temp\hk-ra\wt\packages\jobs
@hardkas/jobs:build: > tsc
@hardkas/jobs:build: 
@hardkas/pskt-native:build:    Compiling hardkas-pskt-native v0.1.0 (C:\Users\jrodr\AppData\Local\Temp\hk-ra\wt\packages\pskt-native)
@hardkas/core:build: DTS ⚡️ Build success in 3241ms
@hardkas/core:build: DTS dist\index.d.ts 123.21 KB
@hardkas/config:build: cache miss, executing 934c5c0606c7144b
@hardkas/node-orchestrator:build: cache miss, executing d98bd826fce4a66d
@hardkas/kaspa-rpc:build: cache miss, executing d5bb27aa4b063e9b
@hardkas/escrow:build: cache miss, executing f6627e962ae589b4
@hardkas/tx-builder:build: cache miss, executing 215ef2a5f1ff736a
@hardkas/sessions:build: cache miss, executing 1aa23ca9f4be8e35
@hardkas/config:build: 
@hardkas/config:build: > @hardkas/config@0.12.0-rc.27 build C:\Users\jrodr\AppData\Local\Temp\hk-ra\wt\packages\config
@hardkas/config:build: > tsup src/index.ts --format esm --dts --clean
@hardkas/config:build: 
@hardkas/node-orchestrator:build: 
@hardkas/node-orchestrator:build: > @hardkas/node-orchestrator@0.12.0-rc.27 build C:\Users\jrodr\AppData\Local\Temp\hk-ra\wt\packages\node-orchestrator
@hardkas/node-orchestrator:build: > tsup src/index.ts --format esm --dts --clean
@hardkas/node-orchestrator:build: 
@hardkas/kaspa-rpc:build: 
@hardkas/kaspa-rpc:build: > @hardkas/kaspa-rpc@0.12.0-rc.27 build C:\Users\jrodr\AppData\Local\Temp\hk-ra\wt\packages\kaspa-rpc
@hardkas/kaspa-rpc:build: > tsup src/index.ts src/adapters/index.ts --format esm --dts --clean
@hardkas/kaspa-rpc:build: 
@hardkas/escrow:build: 
@hardkas/escrow:build: > @hardkas/escrow@0.12.0-rc.27 build C:\Users\jrodr\AppData\Local\Temp\hk-ra\wt\packages\escrow
@hardkas/escrow:build: > tsup src/index.ts --format esm --dts --clean
@hardkas/escrow:build: 
@hardkas/sessions:build: 
@hardkas/sessions:build: > @hardkas/sessions@0.12.0-rc.27 build C:\Users\jrodr\AppData\Local\Temp\hk-ra\wt\packages\sessions
@hardkas/sessions:build: > tsup src/index.ts --format esm --dts --clean
@hardkas/sessions:build: 
@hardkas/tx-builder:build: 
@hardkas/tx-builder:build: > @hardkas/tx-builder@0.12.0-rc.27 build C:\Users\jrodr\AppData\Local\Temp\hk-ra\wt\packages\tx-builder
@hardkas/tx-builder:build: > tsup src/index.ts --format esm --dts --clean
@hardkas/tx-builder:build: 
@hardkas/escrow:build: CLI Building entry: src/index.ts
@hardkas/config:build: CLI Building entry: src/index.ts
@hardkas/escrow:build: CLI Using tsconfig: tsconfig.json
@hardkas/config:build: CLI Using tsconfig: tsconfig.json
@hardkas/escrow:build: CLI tsup v8.5.1
@hardkas/config:build: CLI tsup v8.5.1
@hardkas/escrow:build: CLI Target: es2022
@hardkas/config:build: CLI Target: es2022
@hardkas/escrow:build: CLI Cleaning output folder
@hardkas/config:build: CLI Cleaning output folder
@hardkas/escrow:build: ESM Build start
@hardkas/config:build: ESM Build start
@hardkas/node-orchestrator:build: CLI Building entry: src/index.ts
@hardkas/node-orchestrator:build: CLI Using tsconfig: tsconfig.json
@hardkas/node-orchestrator:build: CLI tsup v8.5.1
@hardkas/node-orchestrator:build: CLI Target: es2022
@hardkas/kaspa-rpc:build: CLI Building entry: src/index.ts, src/adapters/index.ts
@hardkas/node-orchestrator:build: CLI Cleaning output folder
@hardkas/kaspa-rpc:build: CLI Using tsconfig: tsconfig.json
@hardkas/node-orchestrator:build: ESM Build start
@hardkas/kaspa-rpc:build: CLI tsup v8.5.1
@hardkas/kaspa-rpc:build: CLI Target: es2022
@hardkas/kaspa-rpc:build: CLI Cleaning output folder
@hardkas/kaspa-rpc:build: ESM Build start
@hardkas/sessions:build: CLI Building entry: src/index.ts
@hardkas/sessions:build: CLI Using tsconfig: tsconfig.json
@hardkas/sessions:build: CLI tsup v8.5.1
@hardkas/sessions:build: CLI Target: es2022
@hardkas/sessions:build: CLI Cleaning output folder
@hardkas/sessions:build: ESM Build start
@hardkas/node-orchestrator:build: ESM dist\index.js 8.16 KB
@hardkas/node-orchestrator:build: ESM ⚡️ Build success in 1208ms
@hardkas/tx-builder:build: CLI Building entry: src/index.ts
@hardkas/tx-builder:build: CLI Using tsconfig: tsconfig.json
@hardkas/tx-builder:build: CLI tsup v8.5.1
@hardkas/tx-builder:build: CLI Target: es2022
@hardkas/tx-builder:build: CLI Cleaning output folder
@hardkas/tx-builder:build: ESM Build start
@hardkas/sessions:build: ESM dist\index.js 3.61 KB
@hardkas/sessions:build: ESM ⚡️ Build success in 696ms
@hardkas/escrow:build: ESM dist\index.js 5.37 KB
@hardkas/escrow:build: ESM ⚡️ Build success in 1684ms
@hardkas/config:build: ESM dist\index.js 11.49 KB
@hardkas/config:build: ESM ⚡️ Build success in 1696ms
@hardkas/kaspa-rpc:build: ESM dist\adapters\index.js 0 B
@hardkas/kaspa-rpc:build: ESM dist\index.js          57.34 KB
@hardkas/kaspa-rpc:build: ESM ⚡️ Build success in 1981ms
@hardkas/escrow:build: DTS Build start
@hardkas/config:build: DTS Build start
@hardkas/tx-builder:build: ESM dist\index.js 47.84 KB
@hardkas/tx-builder:build: ESM ⚡️ Build success in 1077ms
@hardkas/kaspa-rpc:build: DTS Build start
@hardkas/node-orchestrator:build: DTS Build start
@hardkas/sessions:build: DTS Build start
@hardkas/tx-builder:build: DTS Build start
@hardkas/pskt-native:build:     Finished `release` profile [optimized] target(s) in 13.04s
@hardkas/node-orchestrator:build: DTS ⚡️ Build success in 4862ms
@hardkas/node-orchestrator:build: DTS dist\index.d.ts 2.29 KB
@hardkas/escrow:build: DTS ⚡️ Build success in 5286ms
@hardkas/escrow:build: DTS dist\index.d.ts 5.84 KB
@hardkas/config:build: DTS ⚡️ Build success in 5196ms
@hardkas/config:build: DTS dist\index.d.ts 7.63 KB
@hardkas/sessions:build: DTS ⚡️ Build success in 4852ms
@hardkas/sessions:build: DTS dist\index.d.ts 1.34 KB
@hardkas/tx-builder:build: DTS ⚡️ Build success in 4737ms
@hardkas/tx-builder:build: DTS dist\index.d.ts 30.15 KB
@hardkas/simulator:build: cache miss, executing 55c3f1902e73ff7c
@hardkas/artifacts:build: cache miss, executing 746471d254f0a40e
@hardkas/simulator:build: 
@hardkas/simulator:build: > @hardkas/simulator@0.12.0-rc.27 build C:\Users\jrodr\AppData\Local\Temp\hk-ra\wt\packages\simulator
@hardkas/simulator:build: > tsup src/index.ts --format esm --dts --clean
@hardkas/simulator:build: 
@hardkas/artifacts:build: 
@hardkas/artifacts:build: > @hardkas/artifacts@0.12.0-rc.27 build C:\Users\jrodr\AppData\Local\Temp\hk-ra\wt\packages\artifacts
@hardkas/artifacts:build: > tsup src/index.ts --format esm --dts --clean
@hardkas/artifacts:build: 
@hardkas/kaspa-rpc:build: DTS ⚡️ Build success in 6591ms
@hardkas/kaspa-rpc:build: DTS dist\adapters\index.d.ts 13.00 B
@hardkas/kaspa-rpc:build: DTS dist\index.d.ts          21.54 KB
@hardkas/node-runner:build: cache miss, executing 087578b3241ea7b4
@hardkas/simulator:build: CLI Building entry: src/index.ts
@hardkas/simulator:build: CLI Using tsconfig: tsconfig.json
@hardkas/simulator:build: CLI tsup v8.5.1
@hardkas/simulator:build: CLI Target: es2022
@hardkas/simulator:build: CLI Cleaning output folder
@hardkas/simulator:build: ESM Build start
@hardkas/artifacts:build: CLI Building entry: src/index.ts
@hardkas/artifacts:build: CLI Using tsconfig: tsconfig.json
@hardkas/artifacts:build: CLI tsup v8.5.1
@hardkas/artifacts:build: CLI Target: es2022
@hardkas/artifacts:build: CLI Cleaning output folder
@hardkas/artifacts:build: ESM Build start
@hardkas/simulator:build: ESM dist\index.js 25.15 KB
@hardkas/simulator:build: ESM ⚡️ Build success in 162ms
@hardkas/artifacts:build: ESM dist\index.js 247.60 KB
@hardkas/artifacts:build: ESM ⚡️ Build success in 191ms
@hardkas/node-runner:build: 
@hardkas/node-runner:build: > @hardkas/node-runner@0.12.0-rc.27 build C:\Users\jrodr\AppData\Local\Temp\hk-ra\wt\packages\node-runner
@hardkas/node-runner:build: > tsup src/index.ts --format esm --dts --clean
@hardkas/node-runner:build: 
@hardkas/simulator:build: DTS Build start
@hardkas/artifacts:build: DTS Build start
@hardkas/node-runner:build: CLI Building entry: src/index.ts
@hardkas/node-runner:build: CLI Using tsconfig: tsconfig.json
@hardkas/node-runner:build: CLI tsup v8.5.1
@hardkas/node-runner:build: CLI Target: es2022
@hardkas/node-runner:build: CLI Cleaning output folder
@hardkas/node-runner:build: ESM Build start
@hardkas/node-runner:build: ESM dist\index.js 16.64 KB
@hardkas/node-runner:build: ESM ⚡️ Build success in 95ms
@hardkas/node-runner:build: DTS Build start
@hardkas/simulator:build: DTS ⚡️ Build success in 2025ms
@hardkas/simulator:build: DTS dist\index.d.ts 13.88 KB
@hardkas/node-runner:build: DTS ⚡️ Build success in 1911ms
@hardkas/node-runner:build: DTS dist\index.d.ts 4.84 KB
@hardkas/artifacts:build: DTS ⚡️ Build success in 4966ms
@hardkas/artifacts:build: DTS dist\index.d.ts 487.48 KB
@hardkas/query-store:build: cache miss, executing 7bf5de07ff1eee90
@hardkas/localnet:build: cache miss, executing ead26882cd4c223f
@hardkas/l2:build: cache miss, executing 15bbe5aecc60b945
@hardkas/query-store:build: 
@hardkas/query-store:build: > @hardkas/query-store@0.12.0-rc.27 build C:\Users\jrodr\AppData\Local\Temp\hk-ra\wt\packages\query-store
@hardkas/query-store:build: > tsc
@hardkas/query-store:build: 
@hardkas/localnet:build: 
@hardkas/localnet:build: > @hardkas/localnet@0.12.0-rc.27 build C:\Users\jrodr\AppData\Local\Temp\hk-ra\wt\packages\localnet
@hardkas/localnet:build: > tsup src/index.ts --format esm --dts --clean --external kaspa-wasm
@hardkas/localnet:build: 
@hardkas/l2:build: 
@hardkas/l2:build: > @hardkas/l2@0.12.0-rc.27 build C:\Users\jrodr\AppData\Local\Temp\hk-ra\wt\packages\l2
@hardkas/l2:build: > tsup src/index.ts --format esm --dts --clean
@hardkas/l2:build: 
@hardkas/localnet:build: CLI Building entry: src/index.ts
@hardkas/localnet:build: CLI Using tsconfig: tsconfig.json
@hardkas/localnet:build: CLI tsup v8.5.1
@hardkas/localnet:build: CLI Target: es2022
@hardkas/localnet:build: CLI Cleaning output folder
@hardkas/localnet:build: ESM Build start
@hardkas/l2:build: CLI Building entry: src/index.ts
@hardkas/l2:build: CLI Using tsconfig: tsconfig.json
@hardkas/l2:build: CLI tsup v8.5.1
@hardkas/l2:build: CLI Target: es2022
@hardkas/l2:build: CLI Cleaning output folder
@hardkas/l2:build: ESM Build start
@hardkas/l2:build: ESM dist\index.js 19.17 KB
@hardkas/l2:build: ESM ⚡️ Build success in 149ms
@hardkas/localnet:build: ESM dist\snapshot-V7JMOA2W.js          393.00 B
@hardkas/localnet:build: ESM dist\pending-execution-UOYKW7I3.js 507.00 B
@hardkas/localnet:build: ESM dist\index.js                      28.24 KB
@hardkas/localnet:build: ESM dist\traces-522CKVEW.js            339.00 B
@hardkas/localnet:build: ESM dist\chunk-7X7UE2JS.js             32.76 KB
@hardkas/localnet:build: ESM dist\chunk-ZBVCDETJ.js             5.30 KB
@hardkas/localnet:build: ESM dist\receipts-INOOWOPN.js          195.00 B
@hardkas/localnet:build: ESM dist\chunk-TD6USJ3B.js             967.00 B
@hardkas/localnet:build: ESM dist\chunk-ZGWIHC5L.js             3.87 KB
@hardkas/localnet:build: ESM ⚡️ Build success in 213ms
@hardkas/localnet:build: DTS Build start
@hardkas/l2:build: DTS Build start
@hardkas/query:build: cache miss, executing dd0bfe5250147cb0
@hardkas/query:build: 
@hardkas/query:build: > @hardkas/query@0.12.0-rc.27 build C:\Users\jrodr\AppData\Local\Temp\hk-ra\wt\packages\query
@hardkas/query:build: > tsup src/index.ts --format esm --dts --clean
@hardkas/query:build: 
@hardkas/query:build: CLI Building entry: src/index.ts
@hardkas/query:build: CLI Using tsconfig: tsconfig.json
@hardkas/query:build: CLI tsup v8.5.1
@hardkas/query:build: CLI Target: es2022
@hardkas/query:build: CLI Cleaning output folder
@hardkas/query:build: ESM Build start
@hardkas/query:build: ESM dist\index.js 88.98 KB
@hardkas/query:build: ESM ⚡️ Build success in 102ms
@hardkas/localnet:build: DTS ⚡️ Build success in 2240ms
@hardkas/localnet:build: DTS dist\index.d.ts 30.47 KB
@hardkas/accounts:build: cache miss, executing f0c80efe53f3a478
@hardkas/query:build: DTS Build start
@hardkas/accounts:build: 
@hardkas/accounts:build: > @hardkas/accounts@0.12.0-rc.27 build C:\Users\jrodr\AppData\Local\Temp\hk-ra\wt\packages\accounts
@hardkas/accounts:build: > tsup src/index.ts src/internal/wasm-rpc-serialization.ts --format esm --dts --clean --external kaspa-wasm
@hardkas/accounts:build: 
@hardkas/l2:build: DTS ⚡️ Build success in 4055ms
@hardkas/l2:build: DTS dist\index.d.ts 8.51 KB
@hardkas/accounts:build: CLI Building entry: src/index.ts, src/internal/wasm-rpc-serialization.ts
@hardkas/accounts:build: CLI Using tsconfig: tsconfig.json
@hardkas/accounts:build: CLI tsup v8.5.1
@hardkas/accounts:build: CLI Target: es2022
@hardkas/accounts:build: CLI Cleaning output folder
@hardkas/accounts:build: ESM Build start
@hardkas/accounts:build: ESM dist\internal\wasm-rpc-serialization.js 90.00 B
@hardkas/accounts:build: ESM dist\index.js                           47.98 KB
@hardkas/accounts:build: ESM dist\signer-backend-LHWY7ULI.js         233.00 B
@hardkas/accounts:build: ESM dist\resolve-DKYE4CCI.js                301.00 B
@hardkas/accounts:build: ESM dist\chunk-5NJSLTWR.js                  3.54 KB
@hardkas/accounts:build: ESM dist\authorizers-JX7RUMUE.js            217.00 B
@hardkas/accounts:build: ESM dist\chunk-QR5JCBXF.js                  23.21 KB
@hardkas/accounts:build: ESM dist\kaspa-wasm-signer-F23BRVM3.js      309.00 B
@hardkas/accounts:build: ESM dist\chunk-GM2BY4VS.js                  5.80 KB
@hardkas/accounts:build: ESM dist\chunk-BNF566PS.js                  2.79 KB
@hardkas/accounts:build: ESM dist\chunk-5HHED646.js                  19.11 KB
@hardkas/accounts:build: ESM ⚡️ Build success in 75ms
@hardkas/accounts:build: DTS Build start
@hardkas/query:build: DTS ⚡️ Build success in 2483ms
@hardkas/query:build: DTS dist\index.d.ts 29.00 KB
@hardkas/accounts:build: DTS ⚡️ Build success in 2587ms
@hardkas/accounts:build: DTS dist\index.d.ts                           37.40 KB
@hardkas/accounts:build: DTS dist\internal\wasm-rpc-serialization.d.ts 337.00 B
@hardkas/bridge-local:build: cache miss, executing 34cb6126237379bb
@hardkas/toolkit:build: cache miss, executing f39cdc5aa13caca8
@hardkas/bridge-local:build: 
@hardkas/bridge-local:build: > @hardkas/bridge-local@0.12.0-rc.27 build C:\Users\jrodr\AppData\Local\Temp\hk-ra\wt\packages\bridge-local
@hardkas/bridge-local:build: > tsup src/index.ts --format esm --dts --clean
@hardkas/bridge-local:build: 
@hardkas/toolkit:build: 
@hardkas/toolkit:build: > @hardkas/toolkit@0.12.0-rc.27 build C:\Users\jrodr\AppData\Local\Temp\hk-ra\wt\packages\toolkit
@hardkas/toolkit:build: > node -e "require('node:fs').rmSync('dist',{recursive:true,force:true})" && tsc
@hardkas/toolkit:build: 
@hardkas/bridge-local:build: CLI Building entry: src/index.ts
@hardkas/bridge-local:build: CLI Using tsconfig: tsconfig.json
@hardkas/bridge-local:build: CLI tsup v8.5.1
@hardkas/bridge-local:build: CLI Target: es2022
@hardkas/bridge-local:build: CLI Cleaning output folder
@hardkas/bridge-local:build: ESM Build start
@hardkas/bridge-local:build: ESM dist\index.js 4.89 KB
@hardkas/bridge-local:build: ESM ⚡️ Build success in 67ms
@hardkas/bridge-local:build: DTS Build start
@hardkas/sdk:build: cache miss, executing 9fa534bc6079d7e0
@hardkas/sdk:build: 
@hardkas/sdk:build: > @hardkas/sdk@0.12.0-rc.27 build C:\Users\jrodr\AppData\Local\Temp\hk-ra\wt\packages\sdk
@hardkas/sdk:build: > tsup src/index.ts src/client.ts --format esm --dts --clean --external @hardkas/pskt-native
@hardkas/sdk:build: 
@hardkas/sdk:build: CLI Building entry: src/client.ts, src/index.ts
@hardkas/sdk:build: CLI Using tsconfig: tsconfig.json
@hardkas/sdk:build: CLI tsup v8.5.1
@hardkas/sdk:build: CLI Target: es2022
@hardkas/sdk:build: CLI Cleaning output folder
@hardkas/sdk:build: ESM Build start
@hardkas/sdk:build: ESM dist\native-UGVM3C7J.js 9.05 KB
@hardkas/sdk:build: ESM dist\client.js          125.00 B
@hardkas/sdk:build: ESM dist\index.js           251.13 KB
@hardkas/sdk:build: ESM dist\chunk-M246ZPDS.js  4.15 KB
@hardkas/sdk:build: ESM dist\chunk-MLKGABMK.js  191.00 B
@hardkas/sdk:build: ESM ⚡️ Build success in 100ms
@hardkas/sdk:build: DTS Build start
@hardkas/bridge-local:build: DTS ⚡️ Build success in 4807ms
@hardkas/bridge-local:build: DTS dist\index.d.ts 2.72 KB
@hardkas/sdk:build: src/tx.ts(1816,74): error TS2677: A type predicate's type must be assignable to its parameter's type.
@hardkas/sdk:build:   Type 'string' is not assignable to type 'TxId'.
@hardkas/sdk:build:     Type 'string' is not assignable to type '{ readonly __brand: "TxId"; }'.
@hardkas/sdk:build: 
@hardkas/sdk:build: Error: error occurred in dts build
@hardkas/sdk:build:     at Worker.<anonymous> (C:\Users\jrodr\AppData\Local\Temp\hk-ra\wt\node_modules\.pnpm\tsup@8.5.1_jiti@2.7.0_postcss@8.5.25_tsx@4.23.7_typescript@5.9.3_yaml@2.9.0\node_modules\tsup\dist\index.js:1545:26)
@hardkas/sdk:build:     at Worker.emit (node:events:509:28)
@hardkas/sdk:build:     at MessagePort.<anonymous> (node:internal/worker:332:53)
@hardkas/sdk:build:     at [nodejs.internal.kHybridDispatch] (node:internal/event_target:843:20)
@hardkas/sdk:build:     at MessagePort.<anonymous> (node:internal/per_context/messageport:23:28)
@hardkas/sdk:build: DTS Build error
@hardkas/sdk:build:  ELIFECYCLE  Command failed with exit code 1.
@hardkas/sdk#build:  ERROR  command (C:\Users\jrodr\AppData\Local\Temp\hk-ra\wt\packages\sdk) C:\Users\jrodr\AppData\Lo
cal\pnpm\store\v11\links\@\pnpm\9.15.4\e6a2d0dd119b7b1581d6bc6a677e4b12487c65f8fd1e7f9b26d6a481dbb2e654\bin\pnpm.CMD 
run build exited (1)

 Tasks:    20 successful, 21 total
Cached:    0 cached, 21 total
  Time:    43.945s 
Failed:    @hardkas/sdk#build

 WARNING  no output files found for task @hardkas/pskt-native#build. Please check your `outputs` key in `turbo.json`
 ERROR  run failed: command  exited (1)
