Scope: all 62 workspace projects
Lockfile is up to date, resolution step is skipped
Progress: resolved 1, reused 0, downloaded 0, added 0
Packages: +1786
++++++++++++++++++++++++++++++++++++++++++++++++++++++++++++++++++++++++++++++++
Progress: resolved 1786, reused 132, downloaded 0, added 0
Progress: resolved 1786, reused 387, downloaded 0, added 0
Progress: resolved 1786, reused 522, downloaded 0, added 0
Progress: resolved 1786, reused 839, downloaded 0, added 0
Progress: resolved 1786, reused 1196, downloaded 0, added 0
Progress: resolved 1786, reused 1447, downloaded 0, added 0
Progress: resolved 1786, reused 1629, downloaded 0, added 0
Progress: resolved 1786, reused 1771, downloaded 0, added 3
Progress: resolved 1786, reused 1771, downloaded 0, added 44
Progress: resolved 1786, reused 1771, downloaded 0, added 67
Progress: resolved 1786, reused 1771, downloaded 0, added 114
Progress: resolved 1786, reused 1772, downloaded 0, added 136
Progress: resolved 1786, reused 1772, downloaded 0, added 235
Progress: resolved 1786, reused 1772, downloaded 0, added 352
Progress: resolved 1786, reused 1772, downloaded 0, added 457
Progress: resolved 1786, reused 1772, downloaded 0, added 507
Progress: resolved 1786, reused 1772, downloaded 0, added 586
Progress: resolved 1786, reused 1772, downloaded 0, added 745
Progress: resolved 1786, reused 1772, downloaded 0, added 748
Progress: resolved 1786, reused 1772, downloaded 0, added 871
Progress: resolved 1786, reused 1772, downloaded 0, added 975
Progress: resolved 1786, reused 1772, downloaded 0, added 1083
Progress: resolved 1786, reused 1772, downloaded 0, added 1126
Progress: resolved 1786, reused 1772, downloaded 0, added 1170
Progress: resolved 1786, reused 1772, downloaded 0, added 1221
Progress: resolved 1786, reused 1772, downloaded 0, added 1249
Progress: resolved 1786, reused 1772, downloaded 0, added 1272
Progress: resolved 1786, reused 1772, downloaded 0, added 1312
Progress: resolved 1786, reused 1772, downloaded 0, added 1354
Progress: resolved 1786, reused 1772, downloaded 0, added 1381
Progress: resolved 1786, reused 1772, downloaded 0, added 1382
Progress: resolved 1786, reused 1772, downloaded 0, added 1383
Progress: resolved 1786, reused 1772, downloaded 0, added 1384
Progress: resolved 1786, reused 1772, downloaded 0, added 1398
Progress: resolved 1786, reused 1772, downloaded 0, added 1417
Progress: resolved 1786, reused 1772, downloaded 0, added 1441
Progress: resolved 1786, reused 1772, downloaded 0, added 1457
Progress: resolved 1786, reused 1772, downloaded 0, added 1473
Progress: resolved 1786, reused 1772, downloaded 0, added 1512
Progress: resolved 1786, reused 1772, downloaded 0, added 1556
Progress: resolved 1786, reused 1772, downloaded 0, added 1557
Progress: resolved 1786, reused 1772, downloaded 0, added 1582
Progress: resolved 1786, reused 1772, downloaded 0, added 1625
Progress: resolved 1786, reused 1772, downloaded 0, added 1698
Progress: resolved 1786, reused 1772, downloaded 0, added 1758
Progress: resolved 1786, reused 1772, downloaded 0, added 1777
Progress: resolved 1786, reused 1772, downloaded 0, added 1780
Progress: resolved 1786, reused 1772, downloaded 0, added 1781
Progress: resolved 1786, reused 1772, downloaded 0, added 1782
Progress: resolved 1786, reused 1772, downloaded 0, added 1783
Progress: resolved 1786, reused 1772, downloaded 0, added 1784
Progress: resolved 1786, reused 1772, downloaded 0, added 1785
Progress: resolved 1786, reused 1772, downloaded 0, added 1786, done
 WARN  Failed to create bin at C:\Users\jrodr\AppData\Local\Temp\hk-reorg\wt\labs\bl-001-offline-multisig\node_modules\.bin\hardkas. ENOENT: no such file or directory, stat 'C:\Users\jrodr\AppData\Local\Temp\hk-reorg\wt\packages\cli\dist\index.js.EXE'
 WARN  Failed to create bin at C:\Users\jrodr\AppData\Local\Temp\hk-reorg\wt\labs\showcase-suite\apps\cli-studio\node_modules\.bin\hardkas. ENOENT: no such file or directory, stat 'C:\Users\jrodr\AppData\Local\Temp\hk-reorg\wt\packages\cli\dist\index.js.EXE'
 WARN  Failed to create bin at C:\Users\jrodr\AppData\Local\Temp\hk-reorg\wt\node_modules\.bin\hardkas. ENOENT: no such file or directory, stat 'C:\Users\jrodr\AppData\Local\Temp\hk-reorg\wt\node_modules\@hardkas\cli\dist\index.js.EXE'

devDependencies:
+ @eslint/js 10.0.1
+ @hardkas/cli 0.12.0-rc.26 <- packages\cli
+ @hardkas/config 0.12.0-rc.26 <- packages\config
+ @hardkas/core 0.12.0-rc.26 <- packages\core
+ @hardkas/node-runner 0.12.0-rc.26 <- packages\node-runner
+ @hardkas/sdk 0.12.0-rc.26 <- packages\sdk
+ @hardkas/testing 0.12.0-rc.26 <- packages\testing
+ @types/node 22.20.1
+ @vitest/coverage-v8 2.1.9
+ c8 11.0.0
+ eslint 9.39.5
+ eslint-plugin-react 7.37.5
+ eslint-plugin-react-hooks 7.1.1
+ eslint-plugin-react-refresh 0.5.3
+ fast-check 4.9.0
+ globals 17.9.0
+ knip 6.31.0
+ prettier 3.9.6
+ ts-node 10.9.2
+ tsup 8.5.1
+ tsx 4.23.7
+ turbo 2.10.8
+ typescript 5.9.3
+ typescript-eslint 8.66.0
+ vitest 2.1.9
+ ws 8.21.2

 WARN  Failed to create bin at C:\Users\jrodr\AppData\Local\Temp\hk-reorg\wt\labs\bl-001-offline-multisig\node_modules\.bin\hardkas. ENOENT: no such file or directory, stat 'C:\Users\jrodr\AppData\Local\Temp\hk-reorg\wt\labs\bl-001-offline-multisig\node_modules\@hardkas\cli\dist\index.js.EXE'
 WARN  Failed to create bin at C:\Users\jrodr\AppData\Local\Temp\hk-reorg\wt\node_modules\.bin\hardkas. ENOENT: no such file or directory, stat 'C:\Users\jrodr\AppData\Local\Temp\hk-reorg\wt\node_modules\@hardkas\cli\dist\index.js.EXE'
 WARN  Failed to create bin at C:\Users\jrodr\AppData\Local\Temp\hk-reorg\wt\labs\showcase-suite\apps\cli-studio\node_modules\.bin\hardkas. ENOENT: no such file or directory, stat 'C:\Users\jrodr\AppData\Local\Temp\hk-reorg\wt\labs\showcase-suite\apps\cli-studio\node_modules\@hardkas\cli\dist\index.js.EXE'
Done in 1m 21.3s
