$ hardkas tx plan --from alice --to bob --amount 11 --network simulated --out plan2.json --json
exit=0 stdout_is_single_json=true json_docs_on_stdout=1
--- stdout ---
{
  "schema": "hardkas.txPlan",
  "hardkasVersion": "0.12.0-rc.26",
  "schemaVersion": "hardkas.artifact.v1",
  "version": "1.0.0-alpha",
  "hashVersion": 5,
  "createdAt": "2026-10-04T21:48:26.451Z",
  "networkId": "simulated",
  "mode": "simulator",
  "execution": {
    "mode": "simulator",
    "domain": "kaspa-l1",
    "network": "simulated"
  },
  "from": {
    "address": "kaspa:sim_alice",
    "input": "alice"
  },
  "to": {
    "address": "kaspa:sim_bob",
    "input": "bob"
  },
  "amountSompi": "1100000000",
  "estimatedFeeSompi": "203600",
  "estimatedMass": "2036",
  "inputs": [
    {
      "outpoint": {
        "transactionId": "faucet:im_alice:1",
        "index": 0
      },
      "amountSompi": "100000000000",
      "address": "kaspa:sim_alice",
      "scriptPublicKey": "mock-script"
    }
  ],
  "outputs": [
    {
      "address": "kaspa:sim_bob",
      "amountSompi": "1100000000"
    }
  ],
  "rpcUrl": "simulated://local",
  "lineage": {
    "artifactId": "85707e24a8dcd4499aee0fa30b1ab3df2f437253d8d3ae7f8027b557e99ed3ad",
    "sequence": 1
  },
  "workflowId": "wf_77352adbd5e7bb8f",
  "metadata": {
    "schema": "hardkas.artifact.v1",
    "utxoSelection": {
      "totalUtxosSeen": 2,
      "selectedUtxos": 1,
      "selectionStrategy": "upstream-generator"
    }
  },
  "assumptionLevel": "local-simulated",
  "plannerAuthority": "SYNTHETIC_SIMULATOR",
  "plannerAuthorityDetail": "hardkas.simulator/kaspa-wasm@2.1.0",
  "txVersion": 0,
  "change": {
    "address": "kaspa:sim_alice",
    "amountSompi": "98899796400"
  },
  "contentHash": "85707e24a8dcd4499aee0fa30b1ab3df2f437253d8d3ae7f8027b557e99ed3ad",
  "planId": "plan-85707e24a8dcd449"
}
--- stderr ---

