git : Preparing worktree (detached HEAD 0f4c2f26b)
En línea: 1 Carácter: 446
+ ... | Out-Null; git -C $repo worktree add --detach "$d\wt" 0f4c2f26b *> " ...
+                 ~~~~~~~~~~~~~~~~~~~~~~~~~~~~~~~~~~~~~~~~~~~~~~~~~~~~~~~~~
    + CategoryInfo          : NotSpecified: (Preparing workt...HEAD 0f4c2f26b):String) [], RemoteException
    + FullyQualifiedErrorId : NativeCommandError
 
Updating files:  38% (1281/3312)
Updating files:  39% (1292/3312)
Updating files:  40% (1325/3312)
Updating files:  41% (1358/3312)
Updating files:  42% (1392/3312)
Updating files:  43% (1425/3312)
Updating files:  44% (1458/3312)
Updating files:  45% (1491/3312)
Updating files:  46% (1524/3312)
Updating files:  47% (1557/3312)
Updating files:  48% (1590/3312)
Updating files:  49% (1623/3312)
Updating files:  50% (1656/3312)
Updating files:  51% (1690/3312)
Updating files:  52% (1723/3312)
Updating files:  53% (1756/3312)
Updating files:  54% (1789/3312)
Updating files:  55% (1822/3312)
Updating files:  56% (1855/3312)
Updating files:  57% (1888/3312)
Updating files:  58% (1921/3312)
Updating files:  59% (1955/3312)
Updating files:  60% (1988/3312)
Updating files:  61% (2021/3312)
Updating files:  62% (2054/3312)
Updating files:  63% (2087/3312)
Updating files:  64% (2120/3312)
Updating files:  65% (2153/3312)
Updating files:  66% (2186/3312)
Updating files:  67% (2220/3312)
Updating files:  68% (2253/3312)
Updating files:  69% (2286/3312)
Updating files:  70% (2319/3312)
Updating files:  71% (2352/3312)
Updating files:  72% (2385/3312)
Updating files:  73% (2418/3312)
Updating files:  74% (2451/3312)
Updating files:  75% (2484/3312)
Updating files:  76% (2518/3312)
Updating files:  77% (2551/3312)
Updating files:  78% (2584/3312)
Updating files:  79% (2617/3312)
Updating files:  79% (2622/3312)
Updating files:  80% (2650/3312)
Updating files:  81% (2683/3312)
Updating files:  82% (2716/3312)
Updating files:  83% (2749/3312)
Updating files:  84% (2783/3312)
Updating files:  85% (2816/3312)
Updating files:  86% (2849/3312)
Updating files:  87% (2882/3312)
Updating files:  88% (2915/3312)
Updating files:  89% (2948/3312)
Updating files:  90% (2981/3312)
Updating files:  91% (3014/3312)
Updating files:  92% (3048/3312)
Updating files:  93% (3081/3312)
Updating files:  94% (3114/3312)
Updating files:  95% (3147/3312)
Updating files:  96% (3180/3312)
Updating files:  97% (3213/3312)
Updating files:  98% (3246/3312)
Updating files:  99% (3279/3312)
Updating files: 100% (3312/3312)
Updating files: 100% (3312/3312), done.
HEAD is now at 0f4c2f26b [KLD]: 0.12.0-rc.26 version
